Component: ARM Compiler 5.06 update 4 (build 422) Tool: armlink [4d35d2]

==============================================================================

Section Cross References

    startup_stm32f40_41xxx.o(STACK) refers (Special) to heapauxi.o(.text) for __use_two_region_memory
    startup_stm32f40_41xxx.o(HEAP) refers (Special) to heapauxi.o(.text) for __use_two_region_memory
    startup_stm32f40_41xxx.o(RESET) refers (Special) to heapauxi.o(.text) for __use_two_region_memory
    startup_stm32f40_41xxx.o(RESET) refers to startup_stm32f40_41xxx.o(STACK) for __initial_sp
    startup_stm32f40_41xxx.o(RESET) refers to startup_stm32f40_41xxx.o(.text) for Reset_Handler
    startup_stm32f40_41xxx.o(RESET) refers to stm32f4xx_it.o(.text) for NMI_Handler
    startup_stm32f40_41xxx.o(.text) refers (Special) to heapauxi.o(.text) for __use_two_region_memory
    startup_stm32f40_41xxx.o(.text) refers to system_stm32f4xx.o(.text) for SystemInit
    startup_stm32f40_41xxx.o(.text) refers to __main.o(!!!main) for __main
    startup_stm32f40_41xxx.o(.text) refers to startup_stm32f40_41xxx.o(HEAP) for Heap_Mem
    startup_stm32f40_41xxx.o(.text) refers to startup_stm32f40_41xxx.o(STACK) for Stack_Mem
    stm32f4xx_rcc.o(.text) refers to stm32f4xx_rcc.o(.data) for .data
    stm32f4xx_gpio.o(.text) refers to stm32f4xx_rcc.o(.text) for RCC_AHB1PeriphResetCmd
    stm32f4xx_spi.o(.text) refers to stm32f4xx_rcc.o(.text) for RCC_APB1PeriphResetCmd
    stm32f4xx_tim.o(.text) refers to stm32f4xx_rcc.o(.text) for RCC_APB2PeriphResetCmd
    tm_stm32f4_delay.o(.text) refers to h1_alloc.o(.text) for malloc
    tm_stm32f4_delay.o(.text) refers to h1_free.o(.text) for free
    tm_stm32f4_delay.o(.text) refers to tm_stm32f4_delay.o(.data) for .data
    tm_stm32f4_delay.o(.text) refers to tm_stm32f4_delay.o(.bss) for .bss
    tm_stm32f4_delay.o(.text) refers to system_stm32f4xx.o(.data) for SystemCoreClock
    tm_stm32f4_disco.o(.text) refers to tm_stm32f4_gpio.o(.text) for TM_GPIO_Init
    tm_stm32f4_disco.o(.text) refers to tm_stm32f4_disco.o(.data) for .data
    tm_stm32f4_spi.o(.text) refers to tm_stm32f4_gpio.o(.text) for TM_GPIO_InitAlternate
    tm_stm32f4_spi.o(.text) refers to stm32f4xx_spi.o(.text) for SPI_StructInit
    tm_stm32f4_spi.o(.text) refers to stm32f4xx_rcc.o(.text) for RCC_GetClocksFreq
    tm_stm32f4_lis302dl_lis3dsh.o(.text) refers to tm_stm32f4_spi.o(.text) for TM_SPI_ReadMulti
    tm_stm32f4_lis302dl_lis3dsh.o(.text) refers to stm32f4xx_rcc.o(.text) for RCC_AHB1PeriphClockCmd
    tm_stm32f4_lis302dl_lis3dsh.o(.text) refers to stm32f4xx_gpio.o(.text) for GPIO_Init
    tm_stm32f4_lis302dl_lis3dsh.o(.text) refers to tm_stm32f4_lis302dl_lis3dsh.o(.data) for .data
    tm_stm32f4_gpio.o(.text) refers to tm_stm32f4_gpio.o(.bss) for .bss
    tm_stm32f4_servo.o(.text) refers to tm_stm32f4_pwm.o(.text) for TM_PWM_InitTimer
    tm_stm32f4_timer_properties.o(.text) refers to stm32f4xx_rcc.o(.text) for RCC_GetClocksFreq
    tm_stm32f4_timer_properties.o(.text) refers to dflt_clz.o(x$fpl$dfltu) for __aeabi_ui2d
    tm_stm32f4_timer_properties.o(.text) refers to dleqf.o(x$fpl$dleqf) for __aeabi_cdcmple
    tm_stm32f4_timer_properties.o(.text) refers to deqf.o(x$fpl$deqf) for __aeabi_cdcmpeq
    tm_stm32f4_timer_properties.o(.text) refers to ddiv.o(x$fpl$ddiv) for __aeabi_ddiv
    tm_stm32f4_timer_properties.o(.text) refers to dfixu.o(x$fpl$dfixu) for __aeabi_d2uiz
    tm_stm32f4_pwm.o(.text) refers to tm_stm32f4_timer_properties.o(.text) for TM_TIMER_PROPERTIES_GetTimerProperties
    tm_stm32f4_pwm.o(.text) refers to dflt_clz.o(x$fpl$dfltu) for __aeabi_ui2d
    tm_stm32f4_pwm.o(.text) refers to dleqf.o(x$fpl$dleqf) for __aeabi_cdcmple
    tm_stm32f4_pwm.o(.text) refers to deqf.o(x$fpl$deqf) for __aeabi_cdcmpeq
    tm_stm32f4_pwm.o(.text) refers to dfixu.o(x$fpl$dfixu) for __aeabi_d2uiz
    tm_stm32f4_pwm.o(.text) refers to ddiv.o(x$fpl$ddiv) for __aeabi_ddiv
    tm_stm32f4_pwm.o(.text) refers to stm32f4xx_tim.o(.text) for TIM_TimeBaseInit
    tm_stm32f4_pwm.o(.text) refers to tm_stm32f4_gpio.o(.text) for TM_GPIO_InitAlternate
    main.o(.text) refers to system_stm32f4xx.o(.text) for SystemInit
    main.o(.text) refers to tm_stm32f4_delay.o(.text) for TM_DELAY_Init
    main.o(.text) refers to tm_stm32f4_disco.o(.text) for TM_DISCO_LedInit
    main.o(.text) refers to tm_stm32f4_lis302dl_lis3dsh.o(.text) for TM_LIS302DL_LIS3DSH_Detect
    main.o(.text) refers to tm_stm32f4_servo.o(.text) for TM_SERVO_Init
    main.o(.text) refers to main.o(.data) for .data
    main.o(.text) refers to tm_stm32f4_delay.o(.data) for mult
    stm32f4xx_it.o(.text) refers to tm_stm32f4_delay.o(.text) for TimingDelay_Decrement
    system_stm32f4xx.o(.text) refers to system_stm32f4xx.o(.data) for .data
    malloc.o(.text) refers (Special) to hguard.o(.text) for __heap$guard
    malloc.o(.text) refers (Special) to init_alloc.o(.text) for _init_alloc
[...]
    ../clib/armsys.c                         0x00000000   Number         0  no_argv.o ABSOLUTE
    ../clib/heap1.c                          0x00000000   Number         0  h1_extend.o ABSOLUTE
    ../clib/heap1.c                          0x00000000   Number         0  h1_extend_mt.o ABSOLUTE
    ../clib/heap1.c                          0x00000000   Number         0  h1_final_mt.o ABSOLUTE
    ../clib/heap1.c                          0x00000000   Number         0  h1_final.o ABSOLUTE
    ../clib/heap1.c                          0x00000000   Number         0  h1_free_mt.o ABSOLUTE
    ../clib/heap1.c                          0x00000000   Number         0  h1_alloc_mt.o ABSOLUTE
    ../clib/heap1.c                          0x00000000   Number         0  h1_alloc.o ABSOLUTE
    ../clib/heap1.c                          0x00000000   Number         0  h1_free.o ABSOLUTE
    ../clib/heap1.c                          0x00000000   Number         0  h1_init.o ABSOLUTE
    ../clib/heap1.c                          0x00000000   Number         0  h1_init_mt.o ABSOLUTE
    ../clib/heap2.c                          0x00000000   Number         0  heap2mt.o ABSOLUTE
    ../clib/heap2.c                          0x00000000   Number         0  heap2.o ABSOLUTE
    ../clib/heap2.c                          0x00000000   Number         0  fdtree.o ABSOLUTE
    ../clib/heapalloc.c                      0x00000000   Number         0  free.o ABSOLUTE
    ../clib/heapalloc.c                      0x00000000   Number         0  malloc.o ABSOLUTE
    ../clib/heapalloc.c                      0x00000000   Number         0  hrguard.o ABSOLUTE
    ../clib/heapalloc.c                      0x00000000   Number         0  maybetermalloc1.o ABSOLUTE
    ../clib/heapalloc.c                      0x00000000   Number         0  hguard.o ABSOLUTE
    ../clib/heapalloc.c                      0x00000000   Number         0  init_alloc.o ABSOLUTE
    ../clib/heapalloc.c                      0x00000000   Number         0  heapstubs.o ABSOLUTE
    ../clib/heapalloc.c                      0x00000000   Number         0  term_alloc.o ABSOLUTE
    ../clib/heapalloc.c                      0x00000000   Number         0  maybetermalloc1.o ABSOLUTE
    ../clib/heapalloc.c                      0x00000000   Number         0  maybetermalloc2.o ABSOLUTE
    ../clib/heapalloc.c                      0x00000000   Number         0  maybetermalloc2.o ABSOLUTE
    ../clib/heapaux.c                        0x00000000   Number         0  heapauxi.o ABSOLUTE
    ../clib/heapaux.c                        0x00000000   Number         0  heapauxa.o ABSOLUTE
    ../clib/libinit.s                        0x00000000   Number         0  libinit2.o ABSOLUTE
    ../clib/libinit.s                        0x00000000   Number         0  libshutdown2.o ABSOLUTE
    ../clib/libinit.s                        0x00000000   Number         0  libinit.o ABSOLUTE
    ../clib/libinit.s                        0x00000000   Number         0  libshutdown.o ABSOLUTE
    ../clib/memcpset.s                       0x00000000   Number         0  rt_memcpy_w.o ABSOLUTE
    ../clib/signal.c                         0x00000000   Number         0  __raise.o ABSOLUTE
    ../clib/signal.c                         0x00000000   Number         0  defsig_rtmem_formal.o ABSOLUTE
    ../clib/signal.c                         0x00000000   Number         0  defsig_general.o ABSOLUTE
    ../clib/signal.c                         0x00000000   Number         0  defsig_other.o ABSOLUTE
    ../clib/signal.c                         0x00000000   Number         0  defsig_exit.o ABSOLUTE
    ../clib/signal.c                         0x00000000   Number         0  defsig_segv_inner.o ABSOLUTE
    ../clib/signal.c                         0x00000000   Number         0  defsig_pvfn_inner.o ABSOLUTE
    ../clib/signal.c                         0x00000000   Number         0  defsig_stak_inner.o ABSOLUTE
    ../clib/signal.c                         0x00000000   Number         0  defsig_cppl_inner.o ABSOLUTE
    ../clib/signal.c                         0x00000000   Number         0  defsig_rtmem_inner.o ABSOLUTE
    ../clib/signal.c                         0x00000000   Number         0  defsig_rtred_inner.o ABSOLUTE
    ../clib/signal.c                         0x00000000   Number         0  defsig_fpe_inner.o ABSOLUTE
    ../clib/signal.c                         0x00000000   Number         0  defsig_abrt_inner.o ABSOLUTE
    ../clib/signal.c                         0x00000000   Number         0  defsig_rtmem_outer.o ABSOLUTE
    ../clib/signal.s                         0x00000000   Number         0  defsig.o ABSOLUTE
    ../clib/stdlib.c                         0x00000000   Number         0  exit.o ABSOLUTE
    ../fplib/dcmpi.s                         0x00000000   Number         0  dcmpi.o ABSOLUTE
    ../fplib/ddiv.s                          0x00000000   Number         0  ddiv.o ABSOLUTE
    ../fplib/deqf.s                          0x00000000   Number         0  deqf.o ABSOLUTE
    ../fplib/dfixu.s                         0x00000000   Number         0  dfixu.o ABSOLUTE
    ../fplib/dflt.s                          0x00000000   Number         0  dflt_clz.o ABSOLUTE
    ../fplib/dleqf.s                         0x00000000   Number         0  dleqf.o ABSOLUTE
    ../fplib/dnaninf.s                       0x00000000   Number         0  dnaninf.o ABSOLUTE
    ../fplib/dretinf.s                       0x00000000   Number         0  dretinf.o ABSOLUTE
    ../fplib/fpinit.s                        0x00000000   Number         0  fpinit.o ABSOLUTE
    ../fplib/usenofp.s                       0x00000000   Number         0  usenofp.o ABSOLUTE
    ..\00-STM32F429_LIBRARIES\tm_stm32f4_delay.c 0x00000000   Number         0  tm_stm32f4_delay.o ABSOLUTE
    ..\00-STM32F429_LIBRARIES\tm_stm32f4_disco.c 0x00000000   Number         0  tm_stm32f4_disco.o ABSOLUTE
    ..\00-STM32F429_LIBRARIES\tm_stm32f4_gpio.c 0x00000000   Number         0  tm_stm32f4_gpio.o ABSOLUTE
    ..\00-STM32F429_LIBRARIES\tm_stm32f4_lis302dl_lis3dsh.c 0x00000000   Number         0  tm_stm32f4_lis302dl_lis3dsh.o ABSOLUTE
    ..\00-STM32F429_LIBRARIES\tm_stm32f4_pwm.c 0x00000000   Number         0  tm_stm32f4_pwm.o ABSOLUTE
    ..\00-STM32F429_LIBRARIES\tm_stm32f4_servo.c 0x00000000   Number         0  tm_stm32f4_servo.o ABSOLUTE
    ..\00-STM32F429_LIBRARIES\tm_stm32f4_spi.c 0x00000000   Number         0  tm_stm32f4_spi.o ABSOLUTE
    ..\00-STM32F429_LIBRARIES\tm_stm32f4_timer_properties.c 0x00000000   Number         0  tm_stm32f4_timer_properties.o ABSOLUTE
    ..\00-STM32F4xx_STANDARD_PERIPHERAL_DRIVERS\CMSIS\Device\ST\STM32F4xx\Source\Templates\arm\startup_stm32f40_41xxx.s 0x00000000   Number         0  startup_stm32f40_41xxx.o ABSOLUTE
    ..\00-STM32F4xx_STANDARD_PERIPHERAL_DRIVERS\STM32F4xx_StdPeriph_Driver\src\misc.c 0x00000000   Number         0  misc.o ABSOLUTE
    ..\00-STM32F4xx_STANDARD_PERIPHERAL_DRIVERS\STM32F4xx_StdPeriph_Driver\src\stm32f4xx_gpio.c 0x00000000   Number         0  stm32f4xx_gpio.o ABSOLUTE
    ..\00-STM32F4xx_STANDARD_PERIPHERAL_DRIVERS\STM32F4xx_StdPeriph_Driver\src\stm32f4xx_rcc.c 0x00000000   Number         0  stm32f4xx_rcc.o ABSOLUTE
    ..\00-STM32F4xx_STANDARD_PERIPHERAL_DRIVERS\STM32F4xx_StdPeriph_Driver\src\stm32f4xx_spi.c 0x00000000   Number         0  stm32f4xx_spi.o ABSOLUTE
    ..\00-STM32F4xx_STANDARD_PERIPHERAL_DRIVERS\STM32F4xx_StdPeriph_Driver\src\stm32f4xx_tim.c 0x00000000   Number         0  stm32f4xx_tim.o ABSOLUTE
    ..\\00-STM32F429_LIBRARIES\\tm_stm32f4_delay.c 0x00000000   Number         0  tm_stm32f4_delay.o ABSOLUTE
    ..\\00-STM32F429_LIBRARIES\\tm_stm32f4_disco.c 0x00000000   Number         0  tm_stm32f4_disco.o ABSOLUTE
    ..\\00-STM32F429_LIBRARIES\\tm_stm32f4_gpio.c 0x00000000   Number         0  tm_stm32f4_gpio.o ABSOLUTE
    ..\\00-STM32F429_LIBRARIES\\tm_stm32f4_lis302dl_lis3dsh.c 0x00000000   Number         0  tm_stm32f4_lis302dl_lis3dsh.o ABSOLUTE
    ..\\00-STM32F429_LIBRARIES\\tm_stm32f4_pwm.c 0x00000000   Number         0  tm_stm32f4_pwm.o ABSOLUTE
    ..\\00-STM32F429_LIBRARIES\\tm_stm32f4_servo.c 0x00000000   Number         0  tm_stm32f4_servo.o ABSOLUTE
    ..\\00-STM32F429_LIBRARIES\\tm_stm32f4_spi.c 0x00000000   Number         0  tm_stm32f4_spi.o ABSOLUTE
    ..\\00-STM32F429_LIBRARIES\\tm_stm32f4_timer_properties.c 0x00000000   Number         0  tm_stm32f4_timer_properties.o ABSOLUTE
    ..\\00-STM32F4xx_STANDARD_PERIPHERAL_DRIVERS\\STM32F4xx_StdPeriph_Driver\\src\\misc.c 0x00000000   Number         0  misc.o ABSOLUTE
    ..\\00-STM32F4xx_STANDARD_PERIPHERAL_DRIVERS\\STM32F4xx_StdPeriph_Driver\\src\\stm32f4xx_gpio.c 0x00000000   Number         0  stm32f4xx_gpio.o ABSOLUTE
    ..\\00-STM32F4xx_STANDARD_PERIPHERAL_DRIVERS\\STM32F4xx_StdPeriph_Driver\\src\\stm32f4xx_rcc.c 0x00000000   Number         0  stm32f4xx_rcc.o ABSOLUTE
    ..\\00-STM32F4xx_STANDARD_PERIPHERAL_DRIVERS\\STM32F4xx_StdPeriph_Driver\\src\\stm32f4xx_spi.c 0x00000000   Number         0  stm32f4xx_spi.o ABSOLUTE
    ..\\00-STM32F4xx_STANDARD_PERIPHERAL_DRIVERS\\STM32F4xx_StdPeriph_Driver\\src\\stm32f4xx_tim.c 0x00000000   Number         0  stm32f4xx_tim.o ABSOLUTE
    User\\main.c                             0x00000000   Number         0  main.o ABSOLUTE
    User\\stm32f4xx_it.c                     0x00000000   Number         0  stm32f4xx_it.o ABSOLUTE
    User\\system_stm32f4xx.c                 0x00000000   Number         0  system_stm32f4xx.o ABSOLUTE
    User\main.c                              0x00000000   Number         0  main.o ABSOLUTE
    User\stm32f4xx_it.c                      0x00000000   Number         0  stm32f4xx_it.o ABSOLUTE
    User\system_stm32f4xx.c                  0x00000000   Number         0  system_stm32f4xx.o ABSOLUTE
    dc.s                                     0x00000000   Number         0  dc.o ABSOLUTE
    RESET                                    0x08000000   Section      392  startup_stm32f40_41xxx.o(RESET)
    !!!main                                  0x08000188   Section        8  __main.o(!!!main)
    !!!scatter                               0x08000190   Section       52  __scatter.o(!!!scatter)
    !!handler_copy                           0x080001c4   Section       26  __scatter_copy.o(!!handler_copy)
    !!handler_zi                             0x080001e0   Section       28  __scatter_zi.o(!!handler_zi)
    .ARM.Collect$$libinit$$00000000          0x080001fc   Section        2  libinit.o(.ARM.Collect$$libinit$$00000000)
    .ARM.Collect$$libinit$$00000001          0x080001fe   Section        4  libinit2.o(.ARM.Collect$$libinit$$00000001)
    .ARM.Collect$$libinit$$00000004          0x08000202   Section        0  libinit2.o(.ARM.Collect$$libinit$$00000004)
    .ARM.Collect$$libinit$$00000005          0x08000202   Section        8  libinit2.o(.ARM.Collect$$libinit$$00000005)
    .ARM.Collect$$libinit$$0000000A          0x0800020a   Section        0  libinit2.o(.ARM.Collect$$libinit$$0000000A)
    .ARM.Collect$$libinit$$0000000C          0x0800020a   Section        0  libinit2.o(.ARM.Collect$$libinit$$0000000C)
    .ARM.Collect$$libinit$$0000000E          0x0800020a   Section        0  libinit2.o(.ARM.Collect$$libinit$$0000000E)
    .ARM.Collect$$libinit$$00000011          0x0800020a   Section        0  libinit2.o(.ARM.Collect$$libinit$$00000011)
    .ARM.Collect$$libinit$$00000013          0x0800020a   Section        0  libinit2.o(.ARM.Collect$$libinit$$00000013)
    .ARM.Collect$$libinit$$00000015          0x0800020a   Section        0  libinit2.o(.ARM.Collect$$libinit$$00000015)
    .ARM.Collect$$libinit$$00000017          0x0800020a   Section        0  libinit2.o(.ARM.Collect$$libinit$$00000017)
    .ARM.Collect$$libinit$$00000019          0x0800020a   Section        0  libinit2.o(.ARM.Collect$$libinit$$00000019)
    .ARM.Collect$$libinit$$0000001B          0x0800020a   Section        0  libinit2.o(.ARM.Collect$$libinit$$0000001B)
    .ARM.Collect$$libinit$$0000001D          0x0800020a   Section        0  libinit2.o(.ARM.Collect$$libinit$$0000001D)
    .ARM.Collect$$libinit$$0000001F          0x0800020a   Section        0  libinit2.o(.ARM.Collect$$libinit$$0000001F)
    .ARM.Collect$$libinit$$00000021          0x0800020a   Section        0  libinit2.o(.ARM.Collect$$libinit$$00000021)
    .ARM.Collect$$libinit$$00000023          0x0800020a   Section        0  libinit2.o(.ARM.Collect$$libinit$$00000023)
    .ARM.Collect$$libinit$$00000025          0x0800020a   Section        0  libinit2.o(.ARM.Collect$$libinit$$00000025)
    .ARM.Collect$$libinit$$0000002C          0x0800020a   Section        0  libinit2.o(.ARM.Collect$$libinit$$0000002C)
    .ARM.Collect$$libinit$$0000002E          0x0800020a   Section        0  libinit2.o(.ARM.Collect$$libinit$$0000002E)
    .ARM.Collect$$libinit$$00000030          0x0800020a   Section        0  libinit2.o(.ARM.Collect$$libinit$$00000030)
    .ARM.Collect$$libinit$$00000032          0x0800020a   Section        0  libinit2.o(.ARM.Collect$$libinit$$00000032)
    .ARM.Collect$$libinit$$00000033          0x0800020a   Section        2  libinit2.o(.ARM.Collect$$libinit$$00000033)
    .ARM.Collect$$libshutdown$$00000000      0x0800020c   Section        2  libshutdown.o(.ARM.Collect$$libshutdown$$00000000)
    .ARM.Collect$$libshutdown$$00000002      0x0800020e   Section        0  libshutdown2.o(.ARM.Collect$$libshutdown$$00000002)
    .ARM.Collect$$libshutdown$$00000004      0x0800020e   Section        0  libshutdown2.o(.ARM.Collect$$libshutdown$$00000004)
    .ARM.Collect$$libshutdown$$00000007      0x0800020e   Section        0  libshutdown2.o(.ARM.Collect$$libshutdown$$00000007)
    .ARM.Collect$$libshutdown$$0000000A      0x0800020e   Section        0  libshutdown2.o(.ARM.Collect$$libshutdown$$0000000A)
    .ARM.Collect$$libshutdown$$0000000C      0x0800020e   Section        0  libshutdown2.o(.ARM.Collect$$libshutdown$$0000000C)
    .ARM.Collect$$libshutdown$$0000000F      0x0800020e   Section        0  libshutdown2.o(.ARM.Collect$$libshutdown$$0000000F)
    .ARM.Collect$$libshutdown$$00000010      0x0800020e   Section        2  libshutdown2.o(.ARM.Collect$$libshutdown$$00000010)
    .ARM.Collect$$rtentry$$00000000          0x08000210   Section        0  __rtentry.o(.ARM.Collect$$rtentry$$00000000)
    .ARM.Collect$$rtentry$$00000002          0x08000210   Section        0  __rtentry2.o(.ARM.Collect$$rtentry$$00000002)
    .ARM.Collect$$rtentry$$00000004          0x08000210   Section        6  __rtentry4.o(.ARM.Collect$$rtentry$$00000004)
    .ARM.Collect$$rtentry$$00000009          0x08000216   Section        0  __rtentry2.o(.ARM.Collect$$rtentry$$00000009)
    .ARM.Collect$$rtentry$$0000000A          0x08000216   Section        4  __rtentry2.o(.ARM.Collect$$rtentry$$0000000A)
    .ARM.Collect$$rtentry$$0000000C          0x0800021a   Section        0  __rtentry2.o(.ARM.Collect$$rtentry$$0000000C)
    .ARM.Collect$$rtentry$$0000000D          0x0800021a   Section        8  __rtentry2.o(.ARM.Collect$$rtentry$$0000000D)
    .ARM.Collect$$rtexit$$00000000           0x08000222   Section        2  rtexit.o(.ARM.Collect$$rtexit$$00000000)
    .ARM.Collect$$rtexit$$00000002           0x08000224   Section        0  rtexit2.o(.ARM.Collect$$rtexit$$00000002)
    .ARM.Collect$$rtexit$$00000003           0x08000224   Section        4  rtexit2.o(.ARM.Collect$$rtexit$$00000003)
    .ARM.Collect$$rtexit$$00000004           0x08000228   Section        6  rtexit2.o(.ARM.Collect$$rtexit$$00000004)
    .emb_text                                0x08000230   Section        0  maybetermalloc1.o(.emb_text)
    .text                                    0x08000230   Section       64  startup_stm32f40_41xxx.o(.text)
    $v0                                      0x08000230   Number         0  startup_stm32f40_41xxx.o(.text)
    .text                                    0x08000270   Section        0  stm32f4xx_rcc.o(.text)
    .text                                    0x080006f4   Section        0  stm32f4xx_gpio.o(.text)
    .text                                    0x08000900   Section        0  stm32f4xx_spi.o(.text)
    .text                                    0x08000c2c   Section        0  stm32f4xx_tim.o(.text)
    TI2_Config                               0x08001277   Thumb Code    54  stm32f4xx_tim.o(.text)
    TI1_Config                               0x080015db   Thumb Code    46  stm32f4xx_tim.o(.text)
    .text                                    0x08001608   Section        0  tm_stm32f4_delay.o(.text)
    .text                                    0x08001788   Section        0  tm_stm32f4_disco.o(.text)
    .text                                    0x0800180c   Section        0  tm_stm32f4_spi.o(.text)
    TM_SPIx_Init                             0x08001991   Thumb Code   290  tm_stm32f4_spi.o(.text)
    .text                                    0x08001e4c   Section        0  tm_stm32f4_lis302dl_lis3dsh.o(.text)
    TM_SPI_Send                              0x08001e4d   Thumb Code    42  tm_stm32f4_lis302dl_lis3dsh.o(.text)
    .text                                    0x08002244   Section        0  tm_stm32f4_gpio.o(.text)
    .text                                    0x080024e0   Section        0  tm_stm32f4_servo.o(.text)
    .text                                    0x080025b4   Section        0  tm_stm32f4_timer_properties.o(.text)
    .text                                    0x080028c0   Section        0  tm_stm32f4_pwm.o(.text)
    .text                                    0x08003210   Section        0  main.o(.text)
    Delay                                    0x08003303   Thumb Code    12  main.o(.text)
    .text                                    0x08003328   Section        0  stm32f4xx_it.o(.text)
    .text                                    0x08003344   Section        0  system_stm32f4xx.o(.text)
    SetSysClock                              0x08003345   Thumb Code   162  system_stm32f4xx.o(.text)
    .text                                    0x080034c4   Section        0  h1_alloc.o(.text)
    .text                                    0x08003522   Section        0  h1_free.o(.text)
    .text                                    0x08003570   Section        0  heapauxi.o(.text)
    .text                                    0x08003578   Section        8  rt_heap_descriptor_intlibspace.o(.text)
    .text                                    0x08003580   Section        0  hguard.o(.text)
    .text                                    0x08003584   Section        0  init_alloc.o(.text)
    .text                                    0x0800360e   Section        0  h1_init.o(.text)
    .text                                    0x0800361c   Section        8  libspace.o(.text)
    .text                                    0x08003624   Section        0  h1_extend.o(.text)
    .text                                    0x08003658   Section        0  defsig_rtmem_outer.o(.text)
    .text                                    0x08003666   Section        2  use_no_semi.o(.text)
    .text                                    0x08003668   Section        0  indicate_semi.o(.text)
    .text                                    0x08003668   Section       74  sys_stackheap_outer.o(.text)
    .text                                    0x080036b2   Section        0  exit.o(.text)
    .text                                    0x080036c4   Section        0  defsig_exit.o(.text)
    .text                                    0x080036d0   Section        0  defsig_rtmem_inner.o(.text)
    .text                                    0x08003720   Section        0  sys_exit.o(.text)
    .text                                    0x0800372c   Section        0  defsig_general.o(.text)
    .text                                    0x0800375e   Section        0  sys_wrch.o(.text)
    x$fpl$dcmpinf                            0x0800376c   Section       24  dcmpi.o(x$fpl$dcmpinf)
    $v0                                      0x0800376c   Number         0  dcmpi.o(x$fpl$dcmpinf)
    x$fpl$ddiv                               0x08003784   Section      688  ddiv.o(x$fpl$ddiv)
    $v0                                      0x08003784   Number         0  ddiv.o(x$fpl$ddiv)
    ddiv_entry                               0x0800378b   Thumb Code     0  ddiv.o(x$fpl$ddiv)
    x$fpl$deqf                               0x08003a34   Section      120  deqf.o(x$fpl$deqf)
    $v0                                      0x08003a34   Number         0  deqf.o(x$fpl$deqf)
    x$fpl$dfixu                              0x08003aac   Section       90  dfixu.o(x$fpl$dfixu)
    $v0                                      0x08003aac   Number         0  dfixu.o(x$fpl$dfixu)
    x$fpl$dfltu                              0x08003b06   Section       38  dflt_clz.o(x$fpl$dfltu)
    $v0                                      0x08003b06   Number         0  dflt_clz.o(x$fpl$dfltu)
    x$fpl$dleqf                              0x08003b2c   Section      120  dleqf.o(x$fpl$dleqf)
    $v0                                      0x08003b2c   Number         0  dleqf.o(x$fpl$dleqf)
    x$fpl$dnaninf                            0x08003ba4   Section      156  dnaninf.o(x$fpl$dnaninf)
    $v0                                      0x08003ba4   Number         0  dnaninf.o(x$fpl$dnaninf)
    x$fpl$dretinf                            0x08003c40   Section       12  dretinf.o(x$fpl$dretinf)
    $v0                                      0x08003c40   Number         0  dretinf.o(x$fpl$dretinf)
    x$fpl$fpinit                             0x08003c4c   Section       10  fpinit.o(x$fpl$fpinit)
    $v0                                      0x08003c4c   Number         0  fpinit.o(x$fpl$fpinit)
    x$fpl$usenofp                            0x08003c56   Section        0  usenofp.o(x$fpl$usenofp)
    .data                                    0x20000000   Section       16  stm32f4xx_rcc.o(.data)
    APBAHBPrescTable                         0x20000000   Data          16  stm32f4xx_rcc.o(.data)
    .data                                    0x20000010   Section       16  tm_stm32f4_delay.o(.data)
    .data                                    0x20000020   Section        1  tm_stm32f4_disco.o(.data)
    TM_INT_DISCO_ButtonPressed               0x20000020   Data           1  tm_stm32f4_disco.o(.data)
    .data                                    0x20000024   Section        8  tm_stm32f4_lis302dl_lis3dsh.o(.data)
    initialized                              0x20000025   Data           1  tm_stm32f4_lis302dl_lis3dsh.o(.data)
    .data                                    0x2000002c   Section        6  main.o(.data)
    .data                                    0x20000034   Section       20  system_stm32f4xx.o(.data)
    .bss                                     0x20000048   Section       24  tm_stm32f4_delay.o(.bss)
    CustomTimers                             0x20000048   Data          24  tm_stm32f4_delay.o(.bss)
    .bss                                     0x20000060   Section       22  tm_stm32f4_gpio.o(.bss)
    GPIO_UsedPins                            0x20000060   Data          22  tm_stm32f4_gpio.o(.bss)
    .bss                                     0x20000078   Section       96  libspace.o(.bss)
    HEAP                                     0x200000d8   Section      512  startup_stm32f40_41xxx.o(HEAP)
    Heap_Mem                                 0x200000d8   Data         512  startup_stm32f40_41xxx.o(HEAP)
    STACK                                    0x200002d8   Section     1024  startup_stm32f40_41xxx.o(STACK)
    Stack_Mem                                0x200002d8   Data        1024  startup_stm32f40_41xxx.o(STACK)
    __initial_sp                             0x200006d8   Data           0  startup_stm32f40_41xxx.o(STACK)

    Global Symbols

    Symbol Name                              Value     Ov Type        Size  Object(Section)

    BuildAttributes$$THM_ISAv4$E$P$D$K$B$S$7EM$VFPi3$EXTD16$VFPS$VFMA$PE$A:L22UL41UL21$X:L11$S22US41US21$IEEE1$IW$USESV6$~STKCKD$USESV7$~SHL$OTIME$ROPI$EBA8$UX$STANDARDLIB$REQ8$PRES8$EABIv2 0x00000000   Number         0  anon$$obj.o ABSOLUTE
    __ARM_use_no_argv                        0x00000000   Number         0  main.o ABSOLUTE
    TM_DELAY_1msHandler                       - Undefined Weak Reference
    __ARM_exceptions_init                     - Undefined Weak Reference
    __alloca_initialize                       - Undefined Weak Reference
    __arm_preinit_                            - Undefined Weak Reference
    __cpp_initialize__aeabi_                  - Undefined Weak Reference
    __cxa_finalize                            - Undefined Weak Reference
    __rt_locale                               - Undefined Weak Reference
    __sigvec_lookup                           - Undefined Weak Reference
    __user_heap_extent                        - Undefined Weak Reference
    _atexit_init                              - Undefined Weak Reference
    _call_atexit_fns                          - Undefined Weak Reference
    _clock_init                               - Undefined Weak Reference
    _fp_trap_init                             - Undefined Weak Reference
    _fp_trap_shutdown                         - Undefined Weak Reference
    _get_lc_collate                           - Undefined Weak Reference
    _get_lc_ctype                             - Undefined Weak Reference
    _get_lc_monetary                          - Undefined Weak Reference
    _get_lc_numeric                           - Undefined Weak Reference
    _get_lc_time                              - Undefined Weak Reference
    _getenv_init                              - Undefined Weak Reference
    _handle_redirection                       - Undefined Weak Reference
    _initio                                   - Undefined Weak Reference
    _mutex_acquire                            - Undefined Weak Reference
    _mutex_free                               - Undefined Weak Reference
    _mutex_release                            - Undefined Weak Reference
    _rand_init                                - Undefined Weak Reference
    _signal_finish                            - Undefined Weak Reference
    _signal_init                              - Undefined Weak Reference
    _terminateio                              - Undefined Weak Reference
    __Vectors_Size                           0x00000188   Number         0  startup_stm32f40_41xxx.o ABSOLUTE
    __Vectors                                0x08000000   Data           4  startup_stm32f40_41xxx.o(RESET)
    __Vectors_End                            0x08000188   Data           0  startup_stm32f40_41xxx.o(RESET)
    __main                                   0x08000189   Thumb Code     8  __main.o(!!!main)
    __scatterload                            0x08000191   Thumb Code     0  __scatter.o(!!!scatter)
    __scatterload_rt2                        0x08000191   Thumb Code    44  __scatter.o(!!!scatter)
    __scatterload_rt2_thumb_only             0x08000191   Thumb Code     0  __scatter.o(!!!scatter)
    __scatterload_null                       0x0800019f   Thumb Code     0  __scatter.o(!!!scatter)
    __scatterload_copy                       0x080001c5   Thumb Code    26  __scatter_copy.o(!!handler_copy)
    __scatterload_zeroinit                   0x080001e1   Thumb Code    28  __scatter_zi.o(!!handler_zi)
    __rt_lib_init                            0x080001fd   Thumb Code     0  libinit.o(.ARM.Collect$$libinit$$00000000)
    __rt_lib_init_fp_1                       0x080001ff   Thumb Code     0  libinit2.o(.ARM.Collect$$libinit$$00000001)
    __rt_lib_init_heap_2                     0x08000203   Thumb Code     0  libinit2.o(.ARM.Collect$$libinit$$00000005)
    __rt_lib_init_preinit_1                  0x08000203   Thumb Code     0  libinit2.o(.ARM.Collect$$libinit$$00000004)
    __rt_lib_init_alloca_1                   0x0800020b   Thumb Code     0  libinit2.o(.ARM.Collect$$libinit$$0000002E)
    __rt_lib_init_argv_1                     0x0800020b   Thumb Code     0  libinit2.o(.ARM.Collect$$libinit$$0000002C)
    __rt_lib_init_atexit_1                   0x0800020b   Thumb Code     0  libinit2.o(.ARM.Collect$$libinit$$0000001B)
    __rt_lib_init_clock_1                    0x0800020b   Thumb Code     0  libinit2.o(.ARM.Collect$$libinit$$00000021)
    __rt_lib_init_cpp_1                      0x0800020b   Thumb Code     0  libinit2.o(.ARM.Collect$$libinit$$00000032)
    __rt_lib_init_exceptions_1               0x0800020b   Thumb Code     0  libinit2.o(.ARM.Collect$$libinit$$00000030)
    __rt_lib_init_fp_trap_1                  0x0800020b   Thumb Code     0  libinit2.o(.ARM.Collect$$libinit$$0000001F)
    __rt_lib_init_getenv_1                   0x0800020b   Thumb Code     0  libinit2.o(.ARM.Collect$$libinit$$00000023)
    __rt_lib_init_heap_1                     0x0800020b   Thumb Code     0  libinit2.o(.ARM.Collect$$libinit$$0000000A)
    __rt_lib_init_lc_collate_1               0x0800020b   Thumb Code     0  libinit2.o(.ARM.Collect$$libinit$$00000011)
    __rt_lib_init_lc_ctype_1                 0x0800020b   Thumb Code     0  libinit2.o(.ARM.Collect$$libinit$$00000013)
    __rt_lib_init_lc_monetary_1              0x0800020b   Thumb Code     0  libinit2.o(.ARM.Collect$$libinit$$00000015)
    __rt_lib_init_lc_numeric_1               0x0800020b   Thumb Code     0  libinit2.o(.ARM.Collect$$libinit$$00000017)
    __rt_lib_init_lc_time_1                  0x0800020b   Thumb Code     0  libinit2.o(.ARM.Collect$$libinit$$00000019)
    __rt_lib_init_rand_1                     0x0800020b   Thumb Code     0  libinit2.o(.ARM.Collect$$libinit$$0000000E)
    __rt_lib_init_return                     0x0800020b   Thumb Code     0  libinit2.o(.ARM.Collect$$libinit$$00000033)
    __rt_lib_init_signal_1                   0x0800020b   Thumb Code     0  libinit2.o(.ARM.Collect$$libinit$$0000001D)
    __rt_lib_init_stdio_1                    0x0800020b   Thumb Code     0  libinit2.o(.ARM.Collect$$libinit$$00000025)
    __rt_lib_init_user_alloc_1               0x0800020b   Thumb Code     0  libinit2.o(.ARM.Collect$$libinit$$0000000C)
    __rt_lib_shutdown                        0x0800020d   Thumb Code     0  libshutdown.o(.ARM.Collect$$libshutdown$$00000000)
    __rt_lib_shutdown_cpp_1                  0x0800020f   Thumb Code     0  libshutdown2.o(.ARM.Collect$$libshutdown$$00000002)
    __rt_lib_shutdown_fp_trap_1              0x0800020f   Thumb Code     0  libshutdown2.o(.ARM.Collect$$libshutdown$$00000007)
    __rt_lib_shutdown_heap_1                 0x0800020f   Thumb Code     0  libshutdown2.o(.ARM.Collect$$libshutdown$$0000000F)
    __rt_lib_shutdown_return                 0x0800020f   Thumb Code     0  libshutdown2.o(.ARM.Collect$$libshutdown$$00000010)
    __rt_lib_shutdown_signal_1               0x0800020f   Thumb Code     0  libshutdown2.o(.ARM.Collect$$libshutdown$$0000000A)
    __rt_lib_shutdown_stdio_1                0x0800020f   Thumb Code     0  libshutdown2.o(.ARM.Collect$$libshutdown$$00000004)
    __rt_lib_shutdown_user_alloc_1           0x0800020f   Thumb Code     0  libshutdown2.o(.ARM.Collect$$libshutdown$$0000000C)
    __rt_entry                               0x08000211   Thumb Code     0  __rtentry.o(.ARM.Collect$$rtentry$$00000000)
    __rt_entry_presh_1                       0x08000211   Thumb Code     0  __rtentry2.o(.ARM.Collect$$rtentry$$00000002)
    __rt_entry_sh                            0x08000211   Thumb Code     0  __rtentry4.o(.ARM.Collect$$rtentry$$00000004)
    __rt_entry_li                            0x08000217   Thumb Code     0  __rtentry2.o(.ARM.Collect$$rtentry$$0000000A)
    __rt_entry_postsh_1                      0x08000217   Thumb Code     0  __rtentry2.o(.ARM.Collect$$rtentry$$00000009)
    __rt_entry_main                          0x0800021b   Thumb Code     0  __rtentry2.o(.ARM.Collect$$rtentry$$0000000D)
    __rt_entry_postli_1                      0x0800021b   Thumb Code     0  __rtentry2.o(.ARM.Collect$$rtentry$$0000000C)
    __rt_exit                                0x08000223   Thumb Code     0  rtexit.o(.ARM.Collect$$rtexit$$00000000)
    __rt_exit_ls                             0x08000225   Thumb Code     0  rtexit2.o(.ARM.Collect$$rtexit$$00000003)
    __rt_exit_prels_1                        0x08000225   Thumb Code     0  rtexit2.o(.ARM.Collect$$rtexit$$00000002)
    __rt_exit_exit                           0x08000229   Thumb Code     0  rtexit2.o(.ARM.Collect$$rtexit$$00000004)
    Reset_Handler                            0x08000231   Thumb Code     8  startup_stm32f40_41xxx.o(.text)
    _maybe_terminate_alloc                   0x08000231   Thumb Code     0  maybetermalloc1.o(.emb_text)
    ADC_IRQHandler                           0x0800024b   Thumb Code     0  startup_stm32f40_41xxx.o(.text)
    CAN1_RX0_IRQHandler                      0x0800024b   Thumb Code     0  startup_stm32f40_41xxx.o(.text)
    CAN1_RX1_IRQHandler                      0x0800024b   Thumb Code     0  startup_stm32f40_41xxx.o(.text)
    CAN1_SCE_IRQHandler                      0x0800024b   Thumb Code     0  startup_stm32f40_41xxx.o(.text)
    CAN1_TX_IRQHandler                       0x0800024b   Thumb Code     0  startup_stm32f40_41xxx.o(.text)
    CAN2_RX0_IRQHandler                      0x0800024b   Thumb Code     0  startup_stm32f40_41xxx.o(.text)
    CAN2_RX1_IRQHandler                      0x0800024b   Thumb Code     0  startup_stm32f40_41xxx.o(.text)
    CAN2_SCE_IRQHandler                      0x0800024b   Thumb Code     0  startup_stm32f40_41xxx.o(.text)
    CAN2_TX_IRQHandler                       0x0800024b   Thumb Code     0  startup_stm32f40_41xxx.o(.text)
    CRYP_IRQHandler                          0x0800024b   Thumb Code     0  startup_stm32f40_41xxx.o(.text)
    DCMI_IRQHandler                          0x0800024b   Thumb Code     0  startup_stm32f40_41xxx.o(.text)
    DMA1_Stream0_IRQHandler                  0x0800024b   Thumb Code     0  startup_stm32f40_41xxx.o(.text)
    DMA1_Stream1_IRQHandler                  0x0800024b   Thumb Code     0  startup_stm32f40_41xxx.o(.text)
    DMA1_Stream2_IRQHandler                  0x0800024b   Thumb Code     0  startup_stm32f40_41xxx.o(.text)
    DMA1_Stream3_IRQHandler                  0x0800024b   Thumb Code     0  startup_stm32f40_41xxx.o(.text)
    DMA1_Stream4_IRQHandler                  0x0800024b   Thumb Code     0  startup_stm32f40_41xxx.o(.text)
    DMA1_Stream5_IRQHandler                  0x0800024b   Thumb Code     0  startup_stm32f40_41xxx.o(.text)
    DMA1_Stream6_IRQHandler                  0x0800024b   Thumb Code     0  startup_stm32f40_41xxx.o(.text)
    DMA1_Stream7_IRQHandler                  0x0800024b   Thumb Code     0  startup_stm32f40_41xxx.o(.text)
    DMA2_Stream0_IRQHandler                  0x0800024b   Thumb Code     0  startup_stm32f40_41xxx.o(.text)
    DMA2_Stream1_IRQHandler                  0x0800024b   Thumb Code     0  startup_stm32f40_41xxx.o(.text)
    DMA2_Stream2_IRQHandler                  0x0800024b   Thumb Code     0  startup_stm32f40_41xxx.o(.text)
    DMA2_Stream3_IRQHandler                  0x0800024b   Thumb Code     0  startup_stm32f40_41xxx.o(.text)
    DMA2_Stream4_IRQHandler                  0x0800024b   Thumb Code     0  startup_stm32f40_41xxx.o(.text)
    DMA2_Stream5_IRQHandler                  0x0800024b   Thumb Code     0  startup_stm32f40_41xxx.o(.text)
    DMA2_Stream6_IRQHandler                  0x0800024b   Thumb Code     0  startup_stm32f40_41xxx.o(.text)
    DMA2_Stream7_IRQHandler                  0x0800024b   Thumb Code     0  startup_stm32f40_41xxx.o(.text)
    ETH_IRQHandler                           0x0800024b   Thumb Code     0  startup_stm32f40_41xxx.o(.text)
    ETH_WKUP_IRQHandler                      0x0800024b   Thumb Code     0  startup_stm32f40_41xxx.o(.text)
    EXTI0_IRQHandler                         0x0800024b   Thumb Code     0  startup_stm32f40_41xxx.o(.text)
    EXTI15_10_IRQHandler                     0x0800024b   Thumb Code     0  startup_stm32f40_41xxx.o(.text)
    EXTI1_IRQHandler                         0x0800024b   Thumb Code     0  startup_stm32f40_41xxx.o(.text)
    EXTI2_IRQHandler                         0x0800024b   Thumb Code     0  startup_stm32f40_41xxx.o(.text)
    EXTI3_IRQHandler                         0x0800024b   Thumb Code     0  startup_stm32f40_41xxx.o(.text)
    EXTI4_IRQHandler                         0x0800024b   Thumb Code     0  startup_stm32f40_41xxx.o(.text)
    EXTI9_5_IRQHandler                       0x0800024b   Thumb Code     0  startup_stm32f40_41xxx.o(.text)
    FLASH_IRQHandler                         0x0800024b   Thumb Code     0  startup_stm32f40_41xxx.o(.text)
    FPU_IRQHandler                           0x0800024b   Thumb Code     0  startup_stm32f40_41xxx.o(.text)
    FSMC_IRQHandler                          0x0800024b   Thumb Code     0  startup_stm32f40_41xxx.o(.text)
    HASH_RNG_IRQHandler                      0x0800024b   Thumb Code     0  startup_stm32f40_41xxx.o(.text)
    I2C1_ER_IRQHandler                       0x0800024b   Thumb Code     0  startup_stm32f40_41xxx.o(.text)
    I2C1_EV_IRQHandler                       0x0800024b   Thumb Code     0  startup_stm32f40_41xxx.o(.text)
    I2C2_ER_IRQHandler                       0x0800024b   Thumb Code     0  startup_stm32f40_41xxx.o(.text)
    I2C2_EV_IRQHandler                       0x0800024b   Thumb Code     0  startup_stm32f40_41xxx.o(.text)
    I2C3_ER_IRQHandler                       0x0800024b   Thumb Code     0  startup_stm32f40_41xxx.o(.text)
    I2C3_EV_IRQHandler                       0x0800024b   Thumb Code     0  startup_stm32f40_41xxx.o(.text)
    OTG_FS_IRQHandler                        0x0800024b   Thumb Code     0  startup_stm32f40_41xxx.o(.text)
    OTG_FS_WKUP_IRQHandler                   0x0800024b   Thumb Code     0  startup_stm32f40_41xxx.o(.text)
    OTG_HS_EP1_IN_IRQHandler                 0x0800024b   Thumb Code     0  startup_stm32f40_41xxx.o(.text)
    OTG_HS_EP1_OUT_IRQHandler                0x0800024b   Thumb Code     0  startup_stm32f40_41xxx.o(.text)
    OTG_HS_IRQHandler                        0x0800024b   Thumb Code     0  startup_stm32f40_41xxx.o(.text)
    OTG_HS_WKUP_IRQHandler                   0x0800024b   Thumb Code     0  startup_stm32f40_41xxx.o(.text)
    PVD_IRQHandler                           0x0800024b   Thumb Code     0  startup_stm32f40_41xxx.o(.text)
    RCC_IRQHandler                           0x0800024b   Thumb Code     0  startup_stm32f40_41xxx.o(.text)
    RTC_Alarm_IRQHandler                     0x0800024b   Thumb Code     0  startup_stm32f40_41xxx.o(.text)
    RTC_WKUP_IRQHandler                      0x0800024b   Thumb Code     0  startup_stm32f40_41xxx.o(.text)
    SDIO_IRQHandler                          0x0800024b   Thumb Code     0  startup_stm32f40_41xxx.o(.text)
    SPI1_IRQHandler                          0x0800024b   Thumb Code     0  startup_stm32f40_41xxx.o(.text)
    SPI2_IRQHandler                          0x0800024b   Thumb Code     0  startup_stm32f40_41xxx.o(.text)
    SPI3_IRQHandler                          0x0800024b   Thumb Code     0  startup_stm32f40_41xxx.o(.text)
    TAMP_STAMP_IRQHandler                    0x0800024b   Thumb Code     0  startup_stm32f40_41xxx.o(.text)
    TIM1_BRK_TIM9_IRQHandler                 0x0800024b   Thumb Code     0  startup_stm32f40_41xxx.o(.text)
    TIM1_CC_IRQHandler                       0x0800024b   Thumb Code     0  startup_stm32f40_41xxx.o(.text)
    TIM1_TRG_COM_TIM11_IRQHandler            0x0800024b   Thumb Code     0  startup_stm32f40_41xxx.o(.text)
    TIM1_UP_TIM10_IRQHandler                 0x0800024b   Thumb Code     0  startup_stm32f40_41xxx.o(.text)
    TIM2_IRQHandler                          0x0800024b   Thumb Code     0  startup_stm32f40_41xxx.o(.text)
    TIM3_IRQHandler                          0x0800024b   Thumb Code     0  startup_stm32f40_41xxx.o(.text)
    TIM4_IRQHandler                          0x0800024b   Thumb Code     0  startup_stm32f40_41xxx.o(.text)
    TIM5_IRQHandler                          0x0800024b   Thumb Code     0  startup_stm32f40_41xxx.o(.text)
    TIM6_DAC_IRQHandler                      0x0800024b   Thumb Code     0  startup_stm32f40_41xxx.o(.text)
    TIM7_IRQHandler                          0x0800024b   Thumb Code     0  startup_stm32f40_41xxx.o(.text)
    TIM8_BRK_TIM12_IRQHandler                0x0800024b   Thumb Code     0  startup_stm32f40_41xxx.o(.text)
    TIM8_CC_IRQHandler                       0x0800024b   Thumb Code     0  startup_stm32f40_41xxx.o(.text)
    TIM8_TRG_COM_TIM14_IRQHandler            0x0800024b   Thumb Code     0  startup_stm32f40_41xxx.o(.text)
    TIM8_UP_TIM13_IRQHandler                 0x0800024b   Thumb Code     0  startup_stm32f40_41xxx.o(.text)
    UART4_IRQHandler                         0x0800024b   Thumb Code     0  startup_stm32f40_41xxx.o(.text)
    UART5_IRQHandler                         0x0800024b   Thumb Code     0  startup_stm32f40_41xxx.o(.text)
    USART1_IRQHandler                        0x0800024b   Thumb Code     0  startup_stm32f40_41xxx.o(.text)
    USART2_IRQHandler                        0x0800024b   Thumb Code     0  startup_stm32f40_41xxx.o(.text)
    USART3_IRQHandler                        0x0800024b   Thumb Code     0  startup_stm32f40_41xxx.o(.text)
    USART6_IRQHandler                        0x0800024b   Thumb Code     0  startup_stm32f40_41xxx.o(.text)
    WWDG_IRQHandler                          0x0800024b   Thumb Code     0  startup_stm32f40_41xxx.o(.text)
    __user_initial_stackheap                 0x0800024d   Thumb Code     0  startup_stm32f40_41xxx.o(.text)
    RCC_DeInit                               0x08000271   Thumb Code    68  stm32f4xx_rcc.o(.text)
    RCC_HSEConfig                            0x080002b5   Thumb Code    12  stm32f4xx_rcc.o(.text)
    RCC_GetFlagStatus                        0x080002c1   Thumb Code    46  stm32f4xx_rcc.o(.text)
    RCC_WaitForHSEStartUp                    0x080002ef   Thumb Code    44  stm32f4xx_rcc.o(.text)
    RCC_AdjustHSICalibrationValue            0x0800031b   Thumb Code    16  stm32f4xx_rcc.o(.text)
    RCC_HSICmd                               0x0800032b   Thumb Code     6  stm32f4xx_rcc.o(.text)
    RCC_LSEConfig                            0x08000331   Thumb Code    24  stm32f4xx_rcc.o(.text)
    RCC_LSICmd                               0x08000349   Thumb Code     6  stm32f4xx_rcc.o(.text)
    RCC_PLLConfig                            0x0800034f   Thumb Code    32  stm32f4xx_rcc.o(.text)
    RCC_PLLCmd                               0x0800036f   Thumb Code     6  stm32f4xx_rcc.o(.text)
    RCC_PLLI2SConfig                         0x08000375   Thumb Code    14  stm32f4xx_rcc.o(.text)
    RCC_PLLI2SCmd                            0x08000383   Thumb Code     6  stm32f4xx_rcc.o(.text)
    RCC_PLLSAIConfig                         0x08000389   Thumb Code    18  stm32f4xx_rcc.o(.text)
    RCC_PLLSAICmd                            0x0800039b   Thumb Code     6  stm32f4xx_rcc.o(.text)
    RCC_ClockSecuritySystemCmd               0x080003a1   Thumb Code     6  stm32f4xx_rcc.o(.text)
    RCC_MCO1Config                           0x080003a7   Thumb Code    18  stm32f4xx_rcc.o(.text)
    RCC_MCO2Config                           0x080003b9   Thumb Code    18  stm32f4xx_rcc.o(.text)
    RCC_SYSCLKConfig                         0x080003cb   Thumb Code    16  stm32f4xx_rcc.o(.text)
    RCC_GetSYSCLKSource                      0x080003db   Thumb Code    12  stm32f4xx_rcc.o(.text)
    RCC_HCLKConfig                           0x080003e7   Thumb Code    16  stm32f4xx_rcc.o(.text)
    RCC_PCLK1Config                          0x080003f7   Thumb Code    16  stm32f4xx_rcc.o(.text)
    RCC_PCLK2Config                          0x08000407   Thumb Code    18  stm32f4xx_rcc.o(.text)
    RCC_GetClocksFreq                        0x08000419   Thumb Code   134  stm32f4xx_rcc.o(.text)
    RCC_RTCCLKConfig                         0x0800049f   Thumb Code    42  stm32f4xx_rcc.o(.text)
    RCC_RTCCLKCmd                            0x080004c9   Thumb Code     8  stm32f4xx_rcc.o(.text)
    RCC_BackupResetCmd                       0x080004d1   Thumb Code     8  stm32f4xx_rcc.o(.text)
    RCC_I2SCLKConfig                         0x080004d9   Thumb Code     8  stm32f4xx_rcc.o(.text)
    RCC_SAIBlockACLKConfig                   0x080004e1   Thumb Code    16  stm32f4xx_rcc.o(.text)
    RCC_SAIBlockBCLKConfig                   0x080004f1   Thumb Code    16  stm32f4xx_rcc.o(.text)
    RCC_SAIPLLI2SClkDivConfig                0x08000501   Thumb Code    18  stm32f4xx_rcc.o(.text)
    RCC_SAIPLLSAIClkDivConfig                0x08000513   Thumb Code    24  stm32f4xx_rcc.o(.text)
    RCC_LTDCCLKDivConfig                     0x0800052b   Thumb Code    16  stm32f4xx_rcc.o(.text)
    RCC_TIMCLKPresConfig                     0x0800053b   Thumb Code     8  stm32f4xx_rcc.o(.text)
    RCC_AHB1PeriphClockCmd                   0x08000543   Thumb Code    20  stm32f4xx_rcc.o(.text)
    RCC_AHB2PeriphClockCmd                   0x08000557   Thumb Code    20  stm32f4xx_rcc.o(.text)
    RCC_AHB3PeriphClockCmd                   0x0800056b   Thumb Code    20  stm32f4xx_rcc.o(.text)
    RCC_APB1PeriphClockCmd                   0x0800057f   Thumb Code    20  stm32f4xx_rcc.o(.text)
    RCC_APB2PeriphClockCmd                   0x08000593   Thumb Code    20  stm32f4xx_rcc.o(.text)
    RCC_AHB1PeriphResetCmd                   0x080005a7   Thumb Code    20  stm32f4xx_rcc.o(.text)
    RCC_AHB2PeriphResetCmd                   0x080005bb   Thumb Code    20  stm32f4xx_rcc.o(.text)
    RCC_AHB3PeriphResetCmd                   0x080005cf   Thumb Code    20  stm32f4xx_rcc.o(.text)
    RCC_APB1PeriphResetCmd                   0x080005e3   Thumb Code    20  stm32f4xx_rcc.o(.text)
    RCC_APB2PeriphResetCmd                   0x080005f7   Thumb Code    20  stm32f4xx_rcc.o(.text)
    RCC_AHB1PeriphClockLPModeCmd             0x0800060b   Thumb Code    20  stm32f4xx_rcc.o(.text)
    RCC_AHB2PeriphClockLPModeCmd             0x0800061f   Thumb Code    20  stm32f4xx_rcc.o(.text)
    RCC_AHB3PeriphClockLPModeCmd             0x08000633   Thumb Code    20  stm32f4xx_rcc.o(.text)
    RCC_APB1PeriphClockLPModeCmd             0x08000647   Thumb Code    68  stm32f4xx_rcc.o(.text)
    RCC_APB2PeriphClockLPModeCmd             0x0800068b   Thumb Code    18  stm32f4xx_rcc.o(.text)
    RCC_LSEModeConfig                        0x0800069d   Thumb Code    24  stm32f4xx_rcc.o(.text)
    RCC_ITConfig                             0x080006b5   Thumb Code    20  stm32f4xx_rcc.o(.text)
    RCC_ClearFlag                            0x080006c9   Thumb Code    14  stm32f4xx_rcc.o(.text)
    RCC_GetITStatus                          0x080006d7   Thumb Code    18  stm32f4xx_rcc.o(.text)
    RCC_ClearITPendingBit                    0x080006e9   Thumb Code     8  stm32f4xx_rcc.o(.text)
    GPIO_DeInit                              0x080006f5   Thumb Code   216  stm32f4xx_gpio.o(.text)
    GPIO_Init                                0x080007cd   Thumb Code   120  stm32f4xx_gpio.o(.text)
    GPIO_StructInit                          0x08000845   Thumb Code    18  stm32f4xx_gpio.o(.text)
    GPIO_PinLockConfig                       0x08000857   Thumb Code    24  stm32f4xx_gpio.o(.text)
    GPIO_ReadInputDataBit                    0x0800086f   Thumb Code    14  stm32f4xx_gpio.o(.text)
    GPIO_ReadInputData                       0x0800087d   Thumb Code     6  stm32f4xx_gpio.o(.text)
    GPIO_ReadOutputDataBit                   0x08000883   Thumb Code    14  stm32f4xx_gpio.o(.text)
    GPIO_ReadOutputData                      0x08000891   Thumb Code     6  stm32f4xx_gpio.o(.text)
    GPIO_SetBits                             0x08000897   Thumb Code     4  stm32f4xx_gpio.o(.text)
    GPIO_ResetBits                           0x0800089b   Thumb Code     4  stm32f4xx_gpio.o(.text)
    GPIO_WriteBit                            0x0800089f   Thumb Code    10  stm32f4xx_gpio.o(.text)
    GPIO_Write                               0x080008a9   Thumb Code     4  stm32f4xx_gpio.o(.text)
    GPIO_ToggleBits                          0x080008ad   Thumb Code     8  stm32f4xx_gpio.o(.text)
    GPIO_PinAFConfig                         0x080008b5   Thumb Code    32  stm32f4xx_gpio.o(.text)
    SPI_I2S_DeInit                           0x08000901   Thumb Code   108  stm32f4xx_spi.o(.text)
    SPI_Init                                 0x0800096d   Thumb Code    56  stm32f4xx_spi.o(.text)
    I2S_Init                                 0x080009a5   Thumb Code   198  stm32f4xx_spi.o(.text)
    SPI_StructInit                           0x08000a6b   Thumb Code    24  stm32f4xx_spi.o(.text)
    I2S_StructInit                           0x08000a83   Thumb Code    18  stm32f4xx_spi.o(.text)
    SPI_Cmd                                  0x08000a95   Thumb Code    20  stm32f4xx_spi.o(.text)
    I2S_Cmd                                  0x08000aa9   Thumb Code    20  stm32f4xx_spi.o(.text)
    SPI_DataSizeConfig                       0x08000abd   Thumb Code    16  stm32f4xx_spi.o(.text)
    SPI_BiDirectionalLineConfig              0x08000acd   Thumb Code    22  stm32f4xx_spi.o(.text)
    SPI_NSSInternalSoftwareConfig            0x08000ae3   Thumb Code    24  stm32f4xx_spi.o(.text)
    SPI_SSOutputCmd                          0x08000afb   Thumb Code    20  stm32f4xx_spi.o(.text)
    SPI_TIModeCmd                            0x08000b0f   Thumb Code    20  stm32f4xx_spi.o(.text)
    I2S_FullDuplexConfig                     0x08000b23   Thumb Code    58  stm32f4xx_spi.o(.text)
    SPI_I2S_ReceiveData                      0x08000b5d   Thumb Code     4  stm32f4xx_spi.o(.text)
    SPI_I2S_SendData                         0x08000b61   Thumb Code     4  stm32f4xx_spi.o(.text)
    SPI_CalculateCRC                         0x08000b65   Thumb Code    20  stm32f4xx_spi.o(.text)
    SPI_TransmitCRC                          0x08000b79   Thumb Code    10  stm32f4xx_spi.o(.text)
    SPI_GetCRC                               0x08000b83   Thumb Code    12  stm32f4xx_spi.o(.text)
    SPI_GetCRCPolynomial                     0x08000b8f   Thumb Code     4  stm32f4xx_spi.o(.text)
    SPI_I2S_DMACmd                           0x08000b93   Thumb Code    16  stm32f4xx_spi.o(.text)
    SPI_I2S_ITConfig                         0x08000ba3   Thumb Code    24  stm32f4xx_spi.o(.text)
    SPI_I2S_GetFlagStatus                    0x08000bbb   Thumb Code    14  stm32f4xx_spi.o(.text)
    SPI_I2S_ClearFlag                        0x08000bc9   Thumb Code     6  stm32f4xx_spi.o(.text)
    SPI_I2S_GetITStatus                      0x08000bcf   Thumb Code    44  stm32f4xx_spi.o(.text)
    SPI_I2S_ClearITPendingBit                0x08000bfb   Thumb Code    14  stm32f4xx_spi.o(.text)
    TIM_DeInit                               0x08000c2d   Thumb Code   284  stm32f4xx_tim.o(.text)
    TIM_TimeBaseInit                         0x08000d49   Thumb Code    96  stm32f4xx_tim.o(.text)
    TIM_TimeBaseStructInit                   0x08000da9   Thumb Code    18  stm32f4xx_tim.o(.text)
    TIM_PrescalerConfig                      0x08000dbb   Thumb Code     6  stm32f4xx_tim.o(.text)
    TIM_CounterModeConfig                    0x08000dc1   Thumb Code    12  stm32f4xx_tim.o(.text)
    TIM_SetCounter                           0x08000dcd   Thumb Code     4  stm32f4xx_tim.o(.text)
    TIM_SetAutoreload                        0x08000dd1   Thumb Code     4  stm32f4xx_tim.o(.text)
    TIM_GetCounter                           0x08000dd5   Thumb Code     4  stm32f4xx_tim.o(.text)
    TIM_GetPrescaler                         0x08000dd9   Thumb Code     4  stm32f4xx_tim.o(.text)
    TIM_UpdateDisableConfig                  0x08000ddd   Thumb Code    20  stm32f4xx_tim.o(.text)
    TIM_UpdateRequestConfig                  0x08000df1   Thumb Code    20  stm32f4xx_tim.o(.text)
    TIM_ARRPreloadConfig                     0x08000e05   Thumb Code    20  stm32f4xx_tim.o(.text)
    TIM_SelectOnePulseMode                   0x08000e19   Thumb Code    16  stm32f4xx_tim.o(.text)
    TIM_SetClockDivision                     0x08000e29   Thumb Code    16  stm32f4xx_tim.o(.text)
    TIM_Cmd                                  0x08000e39   Thumb Code    20  stm32f4xx_tim.o(.text)
    TIM_OC1Init                              0x08000e4d   Thumb Code    88  stm32f4xx_tim.o(.text)
    TIM_OC2Init                              0x08000ea5   Thumb Code   120  stm32f4xx_tim.o(.text)
    TIM_OC3Init                              0x08000f1d   Thumb Code   116  stm32f4xx_tim.o(.text)
    TIM_OC4Init                              0x08000f91   Thumb Code    88  stm32f4xx_tim.o(.text)
    TIM_OCStructInit                         0x08000fe9   Thumb Code    20  stm32f4xx_tim.o(.text)
    TIM_SelectOCxM                           0x08000ffd   Thumb Code   130  stm32f4xx_tim.o(.text)
    TIM_SetCompare1                          0x0800107f   Thumb Code     4  stm32f4xx_tim.o(.text)
    TIM_SetCompare2                          0x08001083   Thumb Code     4  stm32f4xx_tim.o(.text)
    TIM_SetCompare3                          0x08001087   Thumb Code     4  stm32f4xx_tim.o(.text)
    TIM_SetCompare4                          0x0800108b   Thumb Code     4  stm32f4xx_tim.o(.text)
    TIM_ForcedOC1Config                      0x0800108f   Thumb Code    12  stm32f4xx_tim.o(.text)
    TIM_ForcedOC2Config                      0x0800109b   Thumb Code    20  stm32f4xx_tim.o(.text)
    TIM_ForcedOC3Config                      0x080010af   Thumb Code    12  stm32f4xx_tim.o(.text)
    TIM_ForcedOC4Config                      0x080010bb   Thumb Code    20  stm32f4xx_tim.o(.text)
    TIM_OC1PreloadConfig                     0x080010cf   Thumb Code    12  stm32f4xx_tim.o(.text)
    TIM_OC2PreloadConfig                     0x080010db   Thumb Code    20  stm32f4xx_tim.o(.text)
    TIM_OC3PreloadConfig                     0x080010ef   Thumb Code    12  stm32f4xx_tim.o(.text)
    TIM_OC4PreloadConfig                     0x080010fb   Thumb Code    20  stm32f4xx_tim.o(.text)
    TIM_OC1FastConfig                        0x0800110f   Thumb Code    12  stm32f4xx_tim.o(.text)
    TIM_OC2FastConfig                        0x0800111b   Thumb Code    20  stm32f4xx_tim.o(.text)
    TIM_OC3FastConfig                        0x0800112f   Thumb Code    12  stm32f4xx_tim.o(.text)
    TIM_OC4FastConfig                        0x0800113b   Thumb Code    20  stm32f4xx_tim.o(.text)
    TIM_ClearOC1Ref                          0x0800114f   Thumb Code    12  stm32f4xx_tim.o(.text)
    TIM_ClearOC2Ref                          0x0800115b   Thumb Code    20  stm32f4xx_tim.o(.text)
    TIM_ClearOC3Ref                          0x0800116f   Thumb Code    12  stm32f4xx_tim.o(.text)
    TIM_ClearOC4Ref                          0x0800117b   Thumb Code    20  stm32f4xx_tim.o(.text)
    TIM_OC1PolarityConfig                    0x0800118f   Thumb Code    12  stm32f4xx_tim.o(.text)
    TIM_OC1NPolarityConfig                   0x0800119b   Thumb Code    12  stm32f4xx_tim.o(.text)
    TIM_OC2PolarityConfig                    0x080011a7   Thumb Code    20  stm32f4xx_tim.o(.text)
    TIM_OC2NPolarityConfig                   0x080011bb   Thumb Code    20  stm32f4xx_tim.o(.text)
    TIM_OC3PolarityConfig                    0x080011cf   Thumb Code    20  stm32f4xx_tim.o(.text)
    TIM_OC3NPolarityConfig                   0x080011e3   Thumb Code    20  stm32f4xx_tim.o(.text)
    TIM_OC4PolarityConfig                    0x080011f7   Thumb Code    20  stm32f4xx_tim.o(.text)
    TIM_CCxCmd                               0x0800120b   Thumb Code    22  stm32f4xx_tim.o(.text)
    TIM_CCxNCmd                              0x08001221   Thumb Code    22  stm32f4xx_tim.o(.text)
    TIM_SetIC4Prescaler                      0x08001237   Thumb Code    24  stm32f4xx_tim.o(.text)
    TIM_SetIC3Prescaler                      0x0800124f   Thumb Code    16  stm32f4xx_tim.o(.text)
    TIM_SetIC2Prescaler                      0x0800125f   Thumb Code    24  stm32f4xx_tim.o(.text)
    TIM_SetIC1Prescaler                      0x080012ad   Thumb Code    16  stm32f4xx_tim.o(.text)
    TIM_ICInit                               0x080012bd   Thumb Code   164  stm32f4xx_tim.o(.text)
    TIM_ICStructInit                         0x08001361   Thumb Code    16  stm32f4xx_tim.o(.text)
    TIM_PWMIConfig                           0x08001371   Thumb Code   104  stm32f4xx_tim.o(.text)
    TIM_GetCapture1                          0x080013d9   Thumb Code     4  stm32f4xx_tim.o(.text)
    TIM_GetCapture2                          0x080013dd   Thumb Code     4  stm32f4xx_tim.o(.text)
    TIM_GetCapture3                          0x080013e1   Thumb Code     4  stm32f4xx_tim.o(.text)
    TIM_GetCapture4                          0x080013e5   Thumb Code     4  stm32f4xx_tim.o(.text)
    TIM_BDTRConfig                           0x080013e9   Thumb Code    34  stm32f4xx_tim.o(.text)
    TIM_BDTRStructInit                       0x0800140b   Thumb Code    18  stm32f4xx_tim.o(.text)
    TIM_CtrlPWMOutputs                       0x0800141d   Thumb Code    22  stm32f4xx_tim.o(.text)
    TIM_SelectCOM                            0x08001433   Thumb Code    20  stm32f4xx_tim.o(.text)
    TIM_CCPreloadControl                     0x08001447   Thumb Code    20  stm32f4xx_tim.o(.text)
    TIM_ITConfig                             0x0800145b   Thumb Code    16  stm32f4xx_tim.o(.text)
    TIM_GenerateEvent                        0x0800146b   Thumb Code     4  stm32f4xx_tim.o(.text)
    TIM_GetFlagStatus                        0x0800146f   Thumb Code    14  stm32f4xx_tim.o(.text)
    TIM_ClearFlag                            0x0800147d   Thumb Code     6  stm32f4xx_tim.o(.text)
    TIM_GetITStatus                          0x08001483   Thumb Code    24  stm32f4xx_tim.o(.text)
    TIM_ClearITPendingBit                    0x0800149b   Thumb Code     6  stm32f4xx_tim.o(.text)
    TIM_DMAConfig                            0x080014a1   Thumb Code     8  stm32f4xx_tim.o(.text)
    TIM_DMACmd                               0x080014a9   Thumb Code    16  stm32f4xx_tim.o(.text)
    TIM_SelectCCDMA                          0x080014b9   Thumb Code    20  stm32f4xx_tim.o(.text)
    TIM_InternalClockConfig                  0x080014cd   Thumb Code    10  stm32f4xx_tim.o(.text)
    TIM_SelectInputTrigger                   0x080014d7   Thumb Code    12  stm32f4xx_tim.o(.text)
    TIM_ITRxExternalClockConfig              0x080014e3   Thumb Code    18  stm32f4xx_tim.o(.text)
    TIM_TIxExternalClockConfig               0x080014f5   Thumb Code    46  stm32f4xx_tim.o(.text)
    TIM_ETRConfig                            0x08001523   Thumb Code    24  stm32f4xx_tim.o(.text)
    TIM_ETRClockMode1Config                  0x0800153b   Thumb Code    18  stm32f4xx_tim.o(.text)
    TIM_ETRClockMode2Config                  0x0800154d   Thumb Code    18  stm32f4xx_tim.o(.text)
    TIM_SelectOutputTrigger                  0x0800155f   Thumb Code    16  stm32f4xx_tim.o(.text)
    TIM_SelectSlaveMode                      0x0800156f   Thumb Code    16  stm32f4xx_tim.o(.text)
    TIM_SelectMasterSlaveMode                0x0800157f   Thumb Code    16  stm32f4xx_tim.o(.text)
    TIM_EncoderInterfaceConfig               0x0800158f   Thumb Code    50  stm32f4xx_tim.o(.text)
    TIM_SelectHallSensor                     0x080015c1   Thumb Code    20  stm32f4xx_tim.o(.text)
    TIM_RemapConfig                          0x080015d5   Thumb Code     6  stm32f4xx_tim.o(.text)
    TimingDelay_Decrement                    0x08001609   Thumb Code    88  tm_stm32f4_delay.o(.text)
    TM_DELAY_Init                            0x08001661   Thumb Code    60  tm_stm32f4_delay.o(.text)
    TM_DELAY_EnableDelayTimer                0x0800169d   Thumb Code    22  tm_stm32f4_delay.o(.text)
    TM_DELAY_DisableDelayTimer               0x080016b3   Thumb Code    14  tm_stm32f4_delay.o(.text)
    TM_DELAY_TimerCreate                     0x080016c1   Thumb Code    68  tm_stm32f4_delay.o(.text)
    TM_DELAY_TimerDelete                     0x08001705   Thumb Code    86  tm_stm32f4_delay.o(.text)
    TM_DELAY_TimerStop                       0x0800175b   Thumb Code     6  tm_stm32f4_delay.o(.text)
    TM_DELAY_TimerStart                      0x08001761   Thumb Code     6  tm_stm32f4_delay.o(.text)
    TM_DELAY_TimerReset                      0x08001767   Thumb Code     6  tm_stm32f4_delay.o(.text)
    TM_DELAY_TimerAutoReload                 0x0800176d   Thumb Code     4  tm_stm32f4_delay.o(.text)
    TM_DELAY_TimerAutoReloadValue            0x08001771   Thumb Code     4  tm_stm32f4_delay.o(.text)
    TM_DISCO_LedInit                         0x08001789   Thumb Code    34  tm_stm32f4_disco.o(.text)
    TM_DISCO_ButtonInit                      0x080017ab   Thumb Code    24  tm_stm32f4_disco.o(.text)
    TM_DISCO_ButtonOnPressed                 0x080017c3   Thumb Code    30  tm_stm32f4_disco.o(.text)
    TM_DISCO_ButtonOnReleased                0x080017e1   Thumb Code    32  tm_stm32f4_disco.o(.text)
    TM_SPI_InitCustomPinsCallback            0x0800180d   Thumb Code     2  tm_stm32f4_spi.o(.text)
    TM_SPI6_INT_InitPins                     0x0800180f   Thumb Code    42  tm_stm32f4_spi.o(.text)
    TM_SPI5_INT_InitPins                     0x08001839   Thumb Code    76  tm_stm32f4_spi.o(.text)
    TM_SPI4_INT_InitPins                     0x08001885   Thumb Code    60  tm_stm32f4_spi.o(.text)
    TM_SPI3_INT_InitPins                     0x080018c1   Thumb Code    60  tm_stm32f4_spi.o(.text)
    TM_SPI2_INT_InitPins                     0x080018fd   Thumb Code    90  tm_stm32f4_spi.o(.text)
    TM_SPI1_INT_InitPins                     0x08001957   Thumb Code    58  tm_stm32f4_spi.o(.text)
    TM_SPI_Init                              0x08001ab3   Thumb Code   136  tm_stm32f4_spi.o(.text)
    TM_SPI_InitWithMode                      0x08001b3b   Thumb Code   134  tm_stm32f4_spi.o(.text)
    TM_SPI_InitFull                          0x08001bc1   Thumb Code   200  tm_stm32f4_spi.o(.text)
    TM_SPI_GetPrescalerFromMaxFrequency      0x08001c89   Thumb Code    78  tm_stm32f4_spi.o(.text)
    TM_SPI_SetDataSize                       0x08001cd7   Thumb Code    44  tm_stm32f4_spi.o(.text)
    TM_SPI_SendMulti                         0x08001d03   Thumb Code    52  tm_stm32f4_spi.o(.text)
    TM_SPI_WriteMulti                        0x08001d37   Thumb Code    50  tm_stm32f4_spi.o(.text)
    TM_SPI_ReadMulti                         0x08001d69   Thumb Code    50  tm_stm32f4_spi.o(.text)
    TM_SPI_SendMulti16                       0x08001d9b   Thumb Code    56  tm_stm32f4_spi.o(.text)
    TM_SPI_WriteMulti16                      0x08001dd3   Thumb Code    52  tm_stm32f4_spi.o(.text)
    TM_SPI_ReadMulti16                       0x08001e07   Thumb Code    52  tm_stm32f4_spi.o(.text)
    TM_LIS302DL_LIS3DSH_INT_ReadSPI          0x08001e77   Thumb Code    52  tm_stm32f4_lis302dl_lis3dsh.o(.text)
    TM_LIS302DL_LIS3DSH_INT_InitPins         0x08001eab   Thumb Code    70  tm_stm32f4_lis302dl_lis3dsh.o(.text)
    TM_LIS302DL_LIS3DSH_INT_Delay            0x08001ef1   Thumb Code     8  tm_stm32f4_lis302dl_lis3dsh.o(.text)
    TM_LIS302DL_LIS3DSH_Detect               0x08001ef9   Thumb Code    50  tm_stm32f4_lis302dl_lis3dsh.o(.text)
    TM_LIS302DL_LIS3DSH_INT_WriteSPI         0x08001f2b   Thumb Code    52  tm_stm32f4_lis302dl_lis3dsh.o(.text)
    TM_LIS302DL_LIS3DSH_INT_InitLIS3DSH      0x08001f5f   Thumb Code   124  tm_stm32f4_lis302dl_lis3dsh.o(.text)
    TM_LIS302DL_LIS3DSH_INT_InitLIS302DL     0x08001fdb   Thumb Code   158  tm_stm32f4_lis302dl_lis3dsh.o(.text)
    TM_LIS302DL_LIS3DSH_Init                 0x08002079   Thumb Code    62  tm_stm32f4_lis302dl_lis3dsh.o(.text)
    TM_LIS3DSH_INT_ReadAxes                  0x080020b7   Thumb Code   190  tm_stm32f4_lis302dl_lis3dsh.o(.text)
    TM_LIS302DL_INT_ReadAxes                 0x08002175   Thumb Code   134  tm_stm32f4_lis302dl_lis3dsh.o(.text)
    TM_LIS302DL_LIS3DSH_ReadAxes             0x080021fb   Thumb Code    34  tm_stm32f4_lis302dl_lis3dsh.o(.text)
    TM_GPIO_GetPortSource                    0x08002245   Thumb Code    10  tm_stm32f4_gpio.o(.text)
    TM_GPIO_INT_Init                         0x0800224f   Thumb Code   130  tm_stm32f4_gpio.o(.text)
    TM_GPIO_INT_EnableClock                  0x080022d1   Thumb Code    20  tm_stm32f4_gpio.o(.text)
    TM_GPIO_Init                             0x080022e5   Thumb Code    34  tm_stm32f4_gpio.o(.text)
    TM_GPIO_InitAlternate                    0x08002307   Thumb Code    92  tm_stm32f4_gpio.o(.text)
    TM_GPIO_DeInit                           0x08002363   Thumb Code    66  tm_stm32f4_gpio.o(.text)
    TM_GPIO_SetPinAsInput                    0x080023a5   Thumb Code    38  tm_stm32f4_gpio.o(.text)
    TM_GPIO_SetPinAsOutput                   0x080023cb   Thumb Code    46  tm_stm32f4_gpio.o(.text)
    TM_GPIO_SetPinAsAnalog                   0x080023f9   Thumb Code    38  tm_stm32f4_gpio.o(.text)
    TM_GPIO_SetPinAsAlternate                0x0800241f   Thumb Code    48  tm_stm32f4_gpio.o(.text)
    TM_GPIO_SetPullResistor                  0x0800244f   Thumb Code    46  tm_stm32f4_gpio.o(.text)
    TM_GPIO_Lock                             0x0800247d   Thumb Code    16  tm_stm32f4_gpio.o(.text)
    TM_GPIO_GetPinSource                     0x0800248d   Thumb Code    18  tm_stm32f4_gpio.o(.text)
    TM_GPIO_INT_DisableClock                 0x0800249f   Thumb Code    20  tm_stm32f4_gpio.o(.text)
    TM_GPIO_GetUsedPins                      0x080024b3   Thumb Code    14  tm_stm32f4_gpio.o(.text)
    TM_GPIO_GetFreePins                      0x080024c1   Thumb Code    18  tm_stm32f4_gpio.o(.text)
    TM_SERVO_Init                            0x080024e1   Thumb Code    56  tm_stm32f4_servo.o(.text)
    TM_SERVO_SetDegrees                      0x08002519   Thumb Code    74  tm_stm32f4_servo.o(.text)
    TM_SERVO_SetMicros                       0x08002563   Thumb Code    62  tm_stm32f4_servo.o(.text)
    TM_TIMER_PROPERTIES_GetTimerProperties   0x080025b5   Thumb Code   134  tm_stm32f4_timer_properties.o(.text)
    TM_TIMER_PROPERTIES_GenerateDataForWorkingFrequency 0x0800263b   Thumb Code   170  tm_stm32f4_timer_properties.o(.text)
    TM_TIMER_PROPERTIES_EnableClock          0x080026e5   Thumb Code   206  tm_stm32f4_timer_properties.o(.text)
    TM_TIMER_PROPERTIES_DisableClock         0x080027b3   Thumb Code   206  tm_stm32f4_timer_properties.o(.text)
    TM_PWM_InitTimer                         0x080028c1   Thumb Code   242  tm_stm32f4_pwm.o(.text)
    TM_PWM_INT_InitTIM14Pins                 0x080029b3   Thumb Code    58  tm_stm32f4_pwm.o(.text)
    TM_PWM_INT_InitTIM13Pins                 0x080029ed   Thumb Code    58  tm_stm32f4_pwm.o(.text)
    TM_PWM_INT_InitTIM12Pins                 0x08002a27   Thumb Code   106  tm_stm32f4_pwm.o(.text)
    TM_PWM_INT_InitTIM11Pins                 0x08002a91   Thumb Code    58  tm_stm32f4_pwm.o(.text)
    TM_PWM_INT_InitTIM10Pins                 0x08002acb   Thumb Code    58  tm_stm32f4_pwm.o(.text)
    TM_PWM_INT_InitTIM9Pins                  0x08002b05   Thumb Code    98  tm_stm32f4_pwm.o(.text)
    TM_PWM_INT_InitTIM8Pins                  0x08002b67   Thumb Code   170  tm_stm32f4_pwm.o(.text)
    TM_PWM_INT_InitTIM5Pins                  0x08002c11   Thumb Code   232  tm_stm32f4_pwm.o(.text)
    TM_PWM_INT_InitTIM4Pins                  0x08002cf9   Thumb Code   174  tm_stm32f4_pwm.o(.text)
    TM_PWM_INT_InitTIM3Pins                  0x08002da7   Thumb Code   210  tm_stm32f4_pwm.o(.text)
    TM_PWM_INT_InitTIM2Pins                  0x08002e79   Thumb Code   186  tm_stm32f4_pwm.o(.text)
    TM_PWM_INT_InitTIM1Pins                  0x08002f33   Thumb Code   208  tm_stm32f4_pwm.o(.text)
    TM_PWM_InitChannel                       0x08003003   Thumb Code   152  tm_stm32f4_pwm.o(.text)
    TM_PWM_SetChannel                        0x0800309b   Thumb Code   282  tm_stm32f4_pwm.o(.text)
    TM_PWM_SetChannelPercent                 0x080031b5   Thumb Code    60  tm_stm32f4_pwm.o(.text)
    TM_PWM_SetChannelMicros                  0x080031f1   Thumb Code    28  tm_stm32f4_pwm.o(.text)
    map                                      0x08003211   Thumb Code    20  main.o(.text)
    main                                     0x08003225   Thumb Code   222  main.o(.text)
    NMI_Handler                              0x08003329   Thumb Code     2  stm32f4xx_it.o(.text)
    HardFault_Handler                        0x0800332b   Thumb Code     2  stm32f4xx_it.o(.text)
    MemManage_Handler                        0x0800332d   Thumb Code     2  stm32f4xx_it.o(.text)
    BusFault_Handler                         0x0800332f   Thumb Code     2  stm32f4xx_it.o(.text)
    UsageFault_Handler                       0x08003331   Thumb Code     2  stm32f4xx_it.o(.text)
    SVC_Handler                              0x08003333   Thumb Code     2  stm32f4xx_it.o(.text)
    DebugMon_Handler                         0x08003335   Thumb Code     2  stm32f4xx_it.o(.text)
    PendSV_Handler                           0x08003337   Thumb Code     2  stm32f4xx_it.o(.text)
    SysTick_Handler                          0x0800333b   Thumb Code     8  stm32f4xx_it.o(.text)
    SystemInit                               0x080033e7   Thumb Code    74  system_stm32f4xx.o(.text)
    SystemCoreClockUpdate                    0x08003431   Thumb Code   108  system_stm32f4xx.o(.text)
    malloc                                   0x080034c5   Thumb Code    94  h1_alloc.o(.text)
    free                                     0x08003523   Thumb Code    78  h1_free.o(.text)
    __use_two_region_memory                  0x08003571   Thumb Code     2  heapauxi.o(.text)
    __rt_heap_escrow                         0x08003573   Thumb Code     2  heapauxi.o(.text)
    __rt_heap_expand                         0x08003575   Thumb Code     2  heapauxi.o(.text)
    __rt_heap_descriptor                     0x08003579   Thumb Code     8  rt_heap_descriptor_intlibspace.o(.text)
    __use_no_heap                            0x08003581   Thumb Code     2  hguard.o(.text)
    __heap$guard                             0x08003583   Thumb Code     2  hguard.o(.text)
    _terminate_user_alloc                    0x08003585   Thumb Code     2  init_alloc.o(.text)
    _init_user_alloc                         0x08003587   Thumb Code     2  init_alloc.o(.text)
    __Heap_Full                              0x08003589   Thumb Code    34  init_alloc.o(.text)
    __Heap_Broken                            0x080035ab   Thumb Code     6  init_alloc.o(.text)
    _init_alloc                              0x080035b1   Thumb Code    94  init_alloc.o(.text)
    __Heap_Initialize                        0x0800360f   Thumb Code    10  h1_init.o(.text)
    __Heap_DescSize                          0x08003619   Thumb Code     4  h1_init.o(.text)
    __user_libspace                          0x0800361d   Thumb Code     8  libspace.o(.text)
    __user_perproc_libspace                  0x0800361d   Thumb Code     0  libspace.o(.text)
    __user_perthread_libspace                0x0800361d   Thumb Code     0  libspace.o(.text)
    __Heap_ProvideMemory                     0x08003625   Thumb Code    52  h1_extend.o(.text)
    __rt_SIGRTMEM                            0x08003659   Thumb Code    14  defsig_rtmem_outer.o(.text)
    __I$use$semihosting                      0x08003667   Thumb Code     0  use_no_semi.o(.text)
    __use_no_semihosting_swi                 0x08003667   Thumb Code     2  use_no_semi.o(.text)
    __semihosting_library_function           0x08003669   Thumb Code     0  indicate_semi.o(.text)
    __user_setup_stackheap                   0x08003669   Thumb Code    74  sys_stackheap_outer.o(.text)
    exit                                     0x080036b3   Thumb Code    18  exit.o(.text)
    __sig_exit                               0x080036c5   Thumb Code    10  defsig_exit.o(.text)
    __rt_SIGRTMEM_inner                      0x080036d1   Thumb Code    22  defsig_rtmem_inner.o(.text)
    _sys_exit                                0x08003721   Thumb Code     8  sys_exit.o(.text)
    __default_signal_display                 0x0800372d   Thumb Code    50  defsig_general.o(.text)
    _ttywrch                                 0x0800375f   Thumb Code    14  sys_wrch.o(.text)
    __fpl_dcmp_Inf                           0x0800376d   Thumb Code    24  dcmpi.o(x$fpl$dcmpinf)
    __aeabi_ddiv                             0x08003785   Thumb Code     0  ddiv.o(x$fpl$ddiv)
    _ddiv                                    0x08003785   Thumb Code   552  ddiv.o(x$fpl$ddiv)
    __aeabi_cdcmpeq                          0x08003a35   Thumb Code     0  deqf.o(x$fpl$deqf)
    _dcmpeq                                  0x08003a35   Thumb Code   120  deqf.o(x$fpl$deqf)
    __aeabi_d2uiz                            0x08003aad   Thumb Code     0  dfixu.o(x$fpl$dfixu)
    _dfixu                                   0x08003aad   Thumb Code    90  dfixu.o(x$fpl$dfixu)
    __aeabi_ui2d                             0x08003b07   Thumb Code     0  dflt_clz.o(x$fpl$dfltu)
    _dfltu                                   0x08003b07   Thumb Code    38  dflt_clz.o(x$fpl$dfltu)
    __aeabi_cdcmple                          0x08003b2d   Thumb Code     0  dleqf.o(x$fpl$dleqf)
    _dcmple                                  0x08003b2d   Thumb Code   120  dleqf.o(x$fpl$dleqf)
    __fpl_dcmple_InfNaN                      0x08003b8f   Thumb Code     0  dleqf.o(x$fpl$dleqf)
    __fpl_dnaninf                            0x08003ba5   Thumb Code   156  dnaninf.o(x$fpl$dnaninf)
    __fpl_dretinf                            0x08003c41   Thumb Code    12  dretinf.o(x$fpl$dretinf)
    _fp_init                                 0x08003c4d   Thumb Code    10  fpinit.o(x$fpl$fpinit)
    __fplib_config_fpu_vfp                   0x08003c55   Thumb Code     0  fpinit.o(x$fpl$fpinit)
    __fplib_config_pureend_doubles           0x08003c55   Thumb Code     0  fpinit.o(x$fpl$fpinit)
    __I$use$fp                               0x08003c56   Number         0  usenofp.o(x$fpl$usenofp)
    Region$$Table$$Base                      0x08003c58   Number         0  anon$$obj.o(Region$$Table)
    Region$$Table$$Limit                     0x08003c78   Number         0  anon$$obj.o(Region$$Table)
    TM_DELAY_Initialized                     0x20000010   Data           1  tm_stm32f4_delay.o(.data)
    TM_Time                                  0x20000014   Data           4  tm_stm32f4_delay.o(.data)
    TM_Time2                                 0x20000018   Data           4  tm_stm32f4_delay.o(.data)
    mult                                     0x2000001c   Data           4  tm_stm32f4_delay.o(.data)
    TM_LIS302DL_LIS3DSH_INT_Device           0x20000024   Data           1  tm_stm32f4_lis302dl_lis3dsh.o(.data)
    TM_LIS3DSH_INT_Sensitivity               0x20000028   Data           4  tm_stm32f4_lis302dl_lis3dsh.o(.data)
    Axes_Data                                0x2000002c   Data           6  main.o(.data)
    SystemCoreClock                          0x20000034   Data           4  system_stm32f4xx.o(.data)
    AHBPrescTable                            0x20000038   Data          16  system_stm32f4xx.o(.data)
    __libspace_start                         0x20000078   Data          96  libspace.o(.bss)
    __temporary_stack_top$libspace           0x200000d8   Data           0  libspace.o(.bss)



==============================================================================

Memory Map of the image

  Image Entry point : 0x08000189

  Load Region LR_IROM1 (Base: 0x08000000, Size: 0x00003cc0, Max: 0x00100000, ABSOLUTE)

    Execution Region ER_IROM1 (Base: 0x08000000, Size: 0x00003c78, Max: 0x00100000, ABSOLUTE)

    Base Addr    Size         Type   Attr      Idx    E Section Name        Object

    0x08000000   0x00000188   Data   RO            3    RESET               startup_stm32f40_41xxx.o
    0x08000188   0x00000008   Code   RO          646  * !!!main             c_w.l(__main.o)
    0x08000190   0x00000034   Code   RO          874    !!!scatter          c_w.l(__scatter.o)
    0x080001c4   0x0000001a   Code   RO          876    !!handler_copy      c_w.l(__scatter_copy.o)
    0x080001de   0x00000002   PAD
    0x080001e0   0x0000001c   Code   RO          878    !!handler_zi        c_w.l(__scatter_zi.o)
    0x080001fc   0x00000002   Code   RO          813    .ARM.Collect$$libinit$$00000000  c_w.l(libinit.o)
    0x080001fe   0x00000004   Code   RO          698    .ARM.Collect$$libinit$$00000001  c_w.l(libinit2.o)
    0x08000202   0x00000000   Code   RO          701    .ARM.Collect$$libinit$$00000004  c_w.l(libinit2.o)
    0x08000202   0x00000008   Code   RO          702    .ARM.Collect$$libinit$$00000005  c_w.l(libinit2.o)
    0x0800020a   0x00000000   Code   RO          704    .ARM.Collect$$libinit$$0000000A  c_w.l(libinit2.o)
    0x0800020a   0x00000000   Code   RO          706    .ARM.Collect$$libinit$$0000000C  c_w.l(libinit2.o)
    0x0800020a   0x00000000   Code   RO          708    .ARM.Collect$$libinit$$0000000E  c_w.l(libinit2.o)
    0x0800020a   0x00000000   Code   RO          711    .ARM.Collect$$libinit$$00000011  c_w.l(libinit2.o)
    0x0800020a   0x00000000   Code   RO          713    .ARM.Collect$$libinit$$00000013  c_w.l(libinit2.o)
    0x0800020a   0x00000000   Code   RO          715    .ARM.Collect$$libinit$$00000015  c_w.l(libinit2.o)
    0x0800020a   0x00000000   Code   RO          717    .ARM.Collect$$libinit$$00000017  c_w.l(libinit2.o)
    0x0800020a   0x00000000   Code   RO          719    .ARM.Collect$$libinit$$00000019  c_w.l(libinit2.o)
    0x0800020a   0x00000000   Code   RO          721    .ARM.Collect$$libinit$$0000001B  c_w.l(libinit2.o)
    0x0800020a   0x00000000   Code   RO          723    .ARM.Collect$$libinit$$0000001D  c_w.l(libinit2.o)
    0x0800020a   0x00000000   Code   RO          725    .ARM.Collect$$libinit$$0000001F  c_w.l(libinit2.o)
    0x0800020a   0x00000000   Code   RO          727    .ARM.Collect$$libinit$$00000021  c_w.l(libinit2.o)
    0x0800020a   0x00000000   Code   RO          729    .ARM.Collect$$libinit$$00000023  c_w.l(libinit2.o)
    0x0800020a   0x00000000   Code   RO          731    .ARM.Collect$$libinit$$00000025  c_w.l(libinit2.o)
    0x0800020a   0x00000000   Code   RO          735    .ARM.Collect$$libinit$$0000002C  c_w.l(libinit2.o)
    0x0800020a   0x00000000   Code   RO          737    .ARM.Collect$$libinit$$0000002E  c_w.l(libinit2.o)
    0x0800020a   0x00000000   Code   RO          739    .ARM.Collect$$libinit$$00000030  c_w.l(libinit2.o)
    0x0800020a   0x00000000   Code   RO          741    .ARM.Collect$$libinit$$00000032  c_w.l(libinit2.o)
    0x0800020a   0x00000002   Code   RO          742    .ARM.Collect$$libinit$$00000033  c_w.l(libinit2.o)
    0x0800020c   0x00000002   Code   RO          871    .ARM.Collect$$libshutdown$$00000000  c_w.l(libshutdown.o)
    0x0800020e   0x00000000   Code   RO          827    .ARM.Collect$$libshutdown$$00000002  c_w.l(libshutdown2.o)
    0x0800020e   0x00000000   Code   RO          829    .ARM.Collect$$libshutdown$$00000004  c_w.l(libshutdown2.o)
    0x0800020e   0x00000000   Code   RO          832    .ARM.Collect$$libshutdown$$00000007  c_w.l(libshutdown2.o)
    0x0800020e   0x00000000   Code   RO          835    .ARM.Collect$$libshutdown$$0000000A  c_w.l(libshutdown2.o)
    0x0800020e   0x00000000   Code   RO          837    .ARM.Collect$$libshutdown$$0000000C  c_w.l(libshutdown2.o)
    0x0800020e   0x00000000   Code   RO          840    .ARM.Collect$$libshutdown$$0000000F  c_w.l(libshutdown2.o)
    0x0800020e   0x00000002   Code   RO          841    .ARM.Collect$$libshutdown$$00000010  c_w.l(libshutdown2.o)
    0x08000210   0x00000000   Code   RO          668    .ARM.Collect$$rtentry$$00000000  c_w.l(__rtentry.o)
    0x08000210   0x00000000   Code   RO          756    .ARM.Collect$$rtentry$$00000002  c_w.l(__rtentry2.o)
    0x08000210   0x00000006   Code   RO          768    .ARM.Collect$$rtentry$$00000004  c_w.l(__rtentry4.o)
    0x08000216   0x00000000   Code   RO          758    .ARM.Collect$$rtentry$$00000009  c_w.l(__rtentry2.o)
    0x08000216   0x00000004   Code   RO          759    .ARM.Collect$$rtentry$$0000000A  c_w.l(__rtentry2.o)
    0x0800021a   0x00000000   Code   RO          761    .ARM.Collect$$rtentry$$0000000C  c_w.l(__rtentry2.o)
    0x0800021a   0x00000008   Code   RO          762    .ARM.Collect$$rtentry$$0000000D  c_w.l(__rtentry2.o)
    0x08000222   0x00000002   Code   RO          816    .ARM.Collect$$rtexit$$00000000  c_w.l(rtexit.o)
    0x08000224   0x00000000   Code   RO          845    .ARM.Collect$$rtexit$$00000002  c_w.l(rtexit2.o)
    0x08000224   0x00000004   Code   RO          846    .ARM.Collect$$rtexit$$00000003  c_w.l(rtexit2.o)
    0x08000228   0x00000006   Code   RO          847    .ARM.Collect$$rtexit$$00000004  c_w.l(rtexit2.o)
    0x0800022e   0x00000002   PAD
    0x08000230   0x00000000   Code   RO          772    .emb_text           c_w.l(maybetermalloc1.o)
    0x08000230   0x00000040   Code   RO            4    .text               startup_stm32f40_41xxx.o
    0x08000270   0x00000484   Code   RO          142    .text               stm32f4xx_rcc.o
    0x080006f4   0x0000020c   Code   RO          168    .text               stm32f4xx_gpio.o
    0x08000900   0x0000032c   Code   RO          192    .text               stm32f4xx_spi.o
    0x08000c2c   0x000009dc   Code   RO          216    .text               stm32f4xx_tim.o
    0x08001608   0x00000180   Code   RO          241    .text               tm_stm32f4_delay.o
    0x08001788   0x00000084   Code   RO          289    .text               tm_stm32f4_disco.o
    0x0800180c   0x00000640   Code   RO          321    .text               tm_stm32f4_spi.o
    0x08001e4c   0x000003f8   Code   RO          349    .text               tm_stm32f4_lis302dl_lis3dsh.o
    0x08002244   0x0000029c   Code   RO          383    .text               tm_stm32f4_gpio.o
    0x080024e0   0x000000d4   Code   RO          410    .text               tm_stm32f4_servo.o
    0x080025b4   0x0000030c   Code   RO          443    .text               tm_stm32f4_timer_properties.o
    0x080028c0   0x00000950   Code   RO          467    .text               tm_stm32f4_pwm.o
    0x08003210   0x00000118   Code   RO          491    .text               main.o
    0x08003328   0x0000001a   Code   RO          526    .text               stm32f4xx_it.o
    0x08003342   0x00000002   PAD
    0x08003344   0x00000180   Code   RO          553    .text               system_stm32f4xx.o
    0x080034c4   0x0000005e   Code   RO          586    .text               c_w.l(h1_alloc.o)
    0x08003522   0x0000004e   Code   RO          588    .text               c_w.l(h1_free.o)
    0x08003570   0x00000006   Code   RO          644    .text               c_w.l(heapauxi.o)
    0x08003576   0x00000002   PAD
    0x08003578   0x00000008   Code   RO          672    .text               c_w.l(rt_heap_descriptor_intlibspace.o)
    0x08003580   0x00000004   Code   RO          674    .text               c_w.l(hguard.o)
    0x08003584   0x0000008a   Code   RO          676    .text               c_w.l(init_alloc.o)
    0x0800360e   0x0000000e   Code   RO          680    .text               c_w.l(h1_init.o)
    0x0800361c   0x00000008   Code   RO          752    .text               c_w.l(libspace.o)
    0x08003624   0x00000034   Code   RO          774    .text               c_w.l(h1_extend.o)
    0x08003658   0x0000000e   Code   RO          778    .text               c_w.l(defsig_rtmem_outer.o)
    0x08003666   0x00000002   Code   RO          789    .text               c_w.l(use_no_semi.o)
    0x08003668   0x00000000   Code   RO          791    .text               c_w.l(indicate_semi.o)
    0x08003668   0x0000004a   Code   RO          792    .text               c_w.l(sys_stackheap_outer.o)
    0x080036b2   0x00000012   Code   RO          798    .text               c_w.l(exit.o)
    0x080036c4   0x0000000a   Code   RO          800    .text               c_w.l(defsig_exit.o)
    0x080036ce   0x00000002   PAD
    0x080036d0   0x00000050   Code   RO          802    .text               c_w.l(defsig_rtmem_inner.o)
    0x08003720   0x0000000c   Code   RO          814    .text               c_w.l(sys_exit.o)
    0x0800372c   0x00000032   Code   RO          824    .text               c_w.l(defsig_general.o)
    0x0800375e   0x0000000e   Code   RO          842    .text               c_w.l(sys_wrch.o)
    0x0800376c   0x00000018   Code   RO          743    x$fpl$dcmpinf       fz_wm.l(dcmpi.o)
    0x08003784   0x000002b0   Code   RO          649    x$fpl$ddiv          fz_wm.l(ddiv.o)
    0x08003a34   0x00000078   Code   RO          652    x$fpl$deqf          fz_wm.l(deqf.o)
    0x08003aac   0x0000005a   Code   RO          654    x$fpl$dfixu         fz_wm.l(dfixu.o)
    0x08003b06   0x00000026   Code   RO          658    x$fpl$dfltu         fz_wm.l(dflt_clz.o)
    0x08003b2c   0x00000078   Code   RO          664    x$fpl$dleqf         fz_wm.l(dleqf.o)
    0x08003ba4   0x0000009c   Code   RO          745    x$fpl$dnaninf       fz_wm.l(dnaninf.o)
    0x08003c40   0x0000000c   Code   RO          747    x$fpl$dretinf       fz_wm.l(dretinf.o)
    0x08003c4c   0x0000000a   Code   RO          787    x$fpl$fpinit        fz_wm.l(fpinit.o)
    0x08003c56   0x00000000   Code   RO          749    x$fpl$usenofp       fz_wm.l(usenofp.o)
    0x08003c56   0x00000002   PAD
    0x08003c58   0x00000020   Data   RO          872    Region$$Table       anon$$obj.o


    Execution Region RW_IRAM1 (Base: 0x20000000, Size: 0x000006d8, Max: 0x00020000, ABSOLUTE)

    Base Addr    Size         Type   Attr      Idx    E Section Name        Object

    0x20000000   0x00000010   Data   RW          143    .data               stm32f4xx_rcc.o
    0x20000010   0x00000010   Data   RW          244    .data               tm_stm32f4_delay.o
    0x20000020   0x00000001   Data   RW          290    .data               tm_stm32f4_disco.o
    0x20000021   0x00000003   PAD
    0x20000024   0x00000008   Data   RW          350    .data               tm_stm32f4_lis302dl_lis3dsh.o
    0x2000002c   0x00000006   Data   RW          492    .data               main.o
    0x20000032   0x00000002   PAD
    0x20000034   0x00000014   Data   RW          554    .data               system_stm32f4xx.o
    0x20000048   0x00000018   Zero   RW          242    .bss                tm_stm32f4_delay.o
    0x20000060   0x00000016   Zero   RW          384    .bss                tm_stm32f4_gpio.o
    0x20000076   0x00000002   PAD
    0x20000078   0x00000060   Zero   RW          753    .bss                c_w.l(libspace.o)
    0x200000d8   0x00000200   Zero   RW            2    HEAP                startup_stm32f40_41xxx.o
    0x200002d8   0x00000400   Zero   RW            1    STACK               startup_stm32f40_41xxx.o


==============================================================================

Image component sizes


      Code (inc. data)   RO Data    RW Data    ZI Data      Debug   Object Name

       280         26          0          6          0       3305   main.o
         0          0          0          0          0     292056   misc.o
        64         26        392          0       1536       1084   startup_stm32f40_41xxx.o
       524         44          0          0          0       4909   stm32f4xx_gpio.o
        26          0          0          0          0       1500   stm32f4xx_it.o
      1156         52          0         16          0      13932   stm32f4xx_rcc.o
       812         36          0          0          0       7809   stm32f4xx_spi.o
      2524         52          0          0          0      24434   stm32f4xx_tim.o
       384         40          0         20          0       2123   system_stm32f4xx.o
       384         20          0         16         24      33614   tm_stm32f4_delay.o
       132         12          0          1          0       4066   tm_stm32f4_disco.o
       668         14          0          0         22       5626   tm_stm32f4_gpio.o
      1016         40          0          8          0      11863   tm_stm32f4_lis302dl_lis3dsh.o
      2384        130          0          0          0       8734   tm_stm32f4_pwm.o
       212         20          0          0          0       5203   tm_stm32f4_servo.o
      1600         78          0          0          0       9837   tm_stm32f4_spi.o
       780         64          0          0          0       2930   tm_stm32f4_timer_properties.o

    ----------------------------------------------------------------------
     12948        654        424         72       1584     433025   Object Totals
         0          0         32          0          0          0   (incl. Generated)
         2          0          0          5          2          0   (incl. Padding)

    ----------------------------------------------------------------------

      Code (inc. data)   RO Data    RW Data    ZI Data      Debug   Library Member Name

         8          0          0          0          0         68   __main.o
         0          0          0          0          0          0   __rtentry.o
        12          0          0          0          0          0   __rtentry2.o
         6          0          0          0          0          0   __rtentry4.o
        52          8          0          0          0          0   __scatter.o
        26          0          0          0          0          0   __scatter_copy.o
        28          0          0          0          0          0   __scatter_zi.o
        10          0          0          0          0         68   defsig_exit.o
        50          0          0          0          0         88   defsig_general.o
        80         58          0          0          0         76   defsig_rtmem_inner.o
        14          0          0          0          0         80   defsig_rtmem_outer.o
        18          0          0          0          0         80   exit.o
        94          0          0          0          0         80   h1_alloc.o
        52          0          0          0          0         68   h1_extend.o
        78          0          0          0          0         80   h1_free.o
        14          0          0          0          0         84   h1_init.o
         6          0          0          0          0        152   heapauxi.o
         4          0          0          0          0        136   hguard.o
         0          0          0          0          0          0   indicate_semi.o
       138          0          0          0          0        168   init_alloc.o
         2          0          0          0          0          0   libinit.o
        14          0          0          0          0          0   libinit2.o
         2          0          0          0          0          0   libshutdown.o
         2          0          0          0          0          0   libshutdown2.o
         8          4          0          0         96         68   libspace.o
         0          0          0          0          0          0   maybetermalloc1.o
         8          4          0          0          0         68   rt_heap_descriptor_intlibspace.o
         2          0          0          0          0          0   rtexit.o
        10          0          0          0          0          0   rtexit2.o
        12          4          0          0          0         68   sys_exit.o
        74          0          0          0          0         80   sys_stackheap_outer.o
        14          0          0          0          0         76   sys_wrch.o
         2          0          0          0          0         68   use_no_semi.o
        24          0          0          0          0        116   dcmpi.o
       688        140          0          0          0        256   ddiv.o
       120          4          0          0          0        140   deqf.o
        90          4          0          0          0        140   dfixu.o
        38          0          0          0          0        116   dflt_clz.o
       120          4          0          0          0        140   dleqf.o
       156          4          0          0          0        140   dnaninf.o
        12          0          0          0          0        116   dretinf.o
        10          0          0          0          0        116   fpinit.o
         0          0          0          0          0          0   usenofp.o

    ----------------------------------------------------------------------
      2108        234          0          0         96       2936   Library Totals
        10          0          0          0          0          0   (incl. Padding)

    ----------------------------------------------------------------------

      Code (inc. data)   RO Data    RW Data    ZI Data      Debug   Library Name

       840         78          0          0         96       1656   c_w.l
      1258        156          0          0          0       1280   fz_wm.l

    ----------------------------------------------------------------------
      2108        234          0          0         96       2936   Library Totals

    ----------------------------------------------------------------------

==============================================================================


      Code (inc. data)   RO Data    RW Data    ZI Data      Debug   

     15056        888        424         72       1680     430729   Grand Totals
     15056        888        424         72       1680     430729   ELF Image Totals
     15056        888        424         72          0          0   ROM Totals

==============================================================================

    Total RO  Size (Code + RO Data)                15480 (  15.12kB)
    Total RW  Size (RW Data + ZI Data)              1752 (   1.71kB)
    Total ROM Size (Code + RO Data + RW Data)      15552 (  15.19kB)

==============================================================================

